\o Program:		@(#)$CDS: libManager version 6.1.5 - CAT32 10/23/2012 17:36 (cat91amd) $
\o Sub version:		sub-version  s011 
\o Arguments:		-unmapped -mpssession virtuoso3308 -mpshost cadence 
\o Working Directory:	cadence:/home/buet/exchange/Live-in-With-VLSI/Live in with vlsi/Layout Design
\o Qt version: 		4.5.3
\o changeWorkingDir("/home/buet/exchange/Live-in-With-VLSI/Live in with vlsi/Layout Design") unnecessary.
\o ddSetForcedLib("") unnecessary.
\o Log file is "/home/buet/exchange/Live-in-With-VLSI/Live in with vlsi/Layout Design/libManager.log".
\o Opening libManager window.
\a nrSetWindowVisibility(cdsLibManager "show")
\o MPS service: map window
\o Library Manager customization server connected.
\a nrSetCurrentWindow(cdsLibManager)
\w Warning: The directory: '/home/buet/homelib' does not exist
\w 	but was defined in libFile '/home/buet/cadence/IC615/share/cdssetup/cds.lib' for Lib 'homelib'.
\w Warning: The directory: '/home/buet/almahmud' does not exist
\w 	but was defined in libFile '/home/buet/cadence/IC615/share/cdssetup/cds.lib' for Lib 'almahmud'.
\a nrResizeWindow(cdsLibManager list(0 51 600 427))
\a cdsLibManager->editLibraryPathButton->value = t
\o Mapped the cdsLibEditor.
\a nrSetCurrentWindow(cdsLibManager)
\w Warning: The directory: '/home/buet/homelib' does not exist
\w 	but was defined in libFile '/home/buet/cadence/IC615/share/cdssetup/cds.lib' for Lib 'homelib'.
\w Warning: The directory: '/home/buet/almahmud' does not exist
\w 	but was defined in libFile '/home/buet/cadence/IC615/share/cdssetup/cds.lib' for Lib 'almahmud'.
\a nrSetWindowVisibility(cdsLibManager "hide")
\o libManager is exiting.
\a exit(0)
