Checking out license 'RTL_Compiler_Ultra'... (0 seconds elapsed)
Reading GUI preferences file '/home/buet/.cadence/rc.gui'.
Finished loading tool scripts (9 seconds elapsed)

                       Cadence Encounter(R) RTL Compiler
               Version v12.10-s012_1 (32-bit), built Jan 26 2013


Copyright notice: Copyright 1997-2012 Cadence Design Systems, Inc. All rights 
reserved worldwide. 

WARNING: This version of RC is 4458 days old.
         Visit downloads.cadence.com for the latest release of RC.


================================================================================
                  Welcome to Cadence Encounter(R) RTL Compiler

Notice: Upcoming end of support for Linux 32-bit.
Support for Linux 32-bit will be discontinued starting with the RC 13.1 release.
To ensure continued access to the forthcoming releases, RC 13.1 and up, you are
advised to start the transitioning to Linux 64-bit.

Here is a quick introduction on how to access our product information.  
If you do not want this message to appear in the future, create an 
initialization file (an empty file will do) in your home directory 
called '~/.cadence/.synth_init'.

  To access the product documentation in HTML and PDF, type 'cdnshelp'
    at the system prompt. 
  For a list of available commands, type 'help'. 
  To view a man page for a command, type 'man <commandName>'.
  To view a man page for an error message, type 'man <messageID>'.
  For a list of all possible object types, type 'get_attribute -help'.
  For a list of all available attributes by object type, type
    'get_attribute * <object_type> -help'.
  For a list of all attributes for every object type, type
    'get_attribute * * -help'
  To list only writable attributes, substitute 'get_attribute' with
    'set_attribute'.
  To get a template script to run RTL Compiler, use the 'write_template'
    command.
  To get a template script to run Conformal based on the current RTL
    Compiler session, use the 'write_do_lec' command.
  
  Obsolete attributes in the current tool version.
  To learn more, type 'get_attribute -help <attribute> <object>'.

            object  attribute
            ------  ---------
       cpf_command  synthesize_complex_expressions
    cpf_command_id  current_set_instance_macro
    cpf_command_id  current_set_instance_module
    cpf_command_id  done_in_apply_cpf
    cpf_command_id  done_in_write_cpf
    cpf_command_id  macro_definition_command
    cpf_command_id  rc_command
            design  dp_perform_rewriting_operations
            design  lp_map_to_srpg_cells
            design  lp_optimize_dynamic_power_first
            design  lp_srpg_pg_driver
            design  ovf_current_verification_directory
          instance  black_box
          instance  dft_inherited_dont_scan
          instance  lp_map_to_srpg_cells
          instance  lp_map_to_srpg_type
          instance  lp_srpg_pg_driver
           libcell  black_box
           libcell  location
               net  logic0_driven
               net  logic1_driven
              root  auto_ungroup_min_effort
              root  degenerate_complex_seqs
              root  disable_power_mode
              root  dp_area_mode
              root  dp_perform_csa_operations
              root  dp_perform_rewriting_operations
              root  dp_perform_sharing_operations
              root  dp_perform_speculation_operations
              root  enable_parallel_iopt
              root  exact_match_seqs_async_controls
              root  hdl_flatten_array
              root  hdl_old_reg_naming
              root  hdl_reg_naming_style_scalar
              root  hdl_reg_naming_style_vector
              root  hdl_trim_target_index
              root  ignore_unknown_embedded_commands
              root  lbr_async_clr_pre_seqs_interchangable
              root  ovf_mode
              root  ovf_verification_directory
              root  ple_parameter_source_priority
              root  pqos_virtual_buffer
              root  retime_preserve_state_points
              root  wlec_env_var
              root  wlec_flat_r2n
              root  wlec_no_exit
              root  wlec_old_lp_ec_flow
              root  wlec_save_ssion
              root  wlec_sim_lib
              root  wlec_sim_plus_lib
              root  wlec_skip_iso_check_hier_compare
              root  wlec_skip_lvl_check_hier_compare
              root  wlec_verbose
         subdesign  allow_csa_subdesign
         subdesign  allow_sharing_subdesign
         subdesign  allow_speculation_subdesign
         subdesign  auto_ungroup_ok
         subdesign  dp_perform_rewriting_operations

Send us feedback at rc_feedback@cadence.com.
================================================================================

Sourcing '../tcl/fa_8_1.tcl' (Fri Apr 11 20:59:01 +0600 2025)...
  Setting attribute of root '/': 'hdl_search_path' = ../rtl
  Setting attribute of root '/': 'lib_search_path' = ../library
Info    : Created nominal operating condition. [LBR-412]
        : Operating condition '_nominal_' was created for the PVT values (1.000000, 1.080000, 125.000000) in library 'slow.lib'.
        : The nominal operating condition represents either the nominal PVT values if specified in the library source, or the default PVT values (1.0, 1.0, 1.0).

  Message Summary for Library slow.lib:
  *************************************
  Found 'statetable' group in cell. [LBR-83]: 16
  Created nominal operating condition. [LBR-412]: 1
 
Info    : Created nominal operating condition. [LBR-412]
        : Operating condition '_nominal_' was created for the PVT values (1.000000, 1.320000, 0.000000) in library 'fast.lib'.

  Message Summary for Library fast.lib:
  *************************************
  Found 'statetable' group in cell. [LBR-83]: 16
  Created nominal operating condition. [LBR-412]: 1
 
Warning : Libraries have inconsistent nominal operating conditions. [LBR-38]
        : The libraries are 'gpdk045bc' and 'gpdk045wc'.
        : This is a common source of delay calculation confusion and is strongly discouraged.
Info    : Created nominal operating condition. [LBR-412]
        : Operating condition '_nominal_' was created for the PVT values (1.000000, 1.200000, 25.000000) in library 'typical.lib'.

  Message Summary for Library typical.lib:
  ****************************************
  Found 'statetable' group in cell. [LBR-83]: 16
  Created nominal operating condition. [LBR-412]: 1
 
Warning : Libraries have inconsistent nominal operating conditions. [LBR-38]
        : The libraries are 'gpdk045bc' and 'typical'.
Info    : Found library cells that are unusable for mapping. [LBR-415]
        : Library: 'slow.lib', Total cells: 477, Usable cells: 452, Cells unusable for mapping: 25.
	List of unusable cells: 'HOLDX1 TLATNCAX12 TLATNCAX2 TLATNCAX20 TLATNCAX6 TLATNSRX4 TLATNSRXL TLATNTSCAX16 TLATNTSCAX4 TLATNTSCAX8 ... and others.'
        : The number of unusable cells that is listed depends on the setting of the 'information_level' root attribute. If set to a value less than 6, the list is limited to 10 unusable cells. If set to a value equal to or higher than 6, all unusable cells are listed.
Info    : Found library cells that are unusable for mapping. [LBR-415]
        : Library: 'fast.lib', Total cells: 477, Usable cells: 452, Cells unusable for mapping: 25.
	List of unusable cells: 'HOLDX1 TLATNCAX12 TLATNCAX2 TLATNCAX20 TLATNCAX6 TLATNSRX4 TLATNSRXL TLATNTSCAX16 TLATNTSCAX4 TLATNTSCAX8 ... and others.'
Info    : Found library cells that are unusable for mapping. [LBR-415]
        : Library: 'typical.lib', Total cells: 477, Usable cells: 452, Cells unusable for mapping: 25.
	List of unusable cells: 'HOLDX1 TLATNCAX12 TLATNCAX2 TLATNCAX20 TLATNCAX6 TLATNSRX4 TLATNSRXL TLATNTSCAX16 TLATNTSCAX4 TLATNTSCAX8 ... and others.'
Warning : Multiply-defined library cell. [LBR-22]
        : Library-cell name collision (gpdk045bc/ADDFHX2 and gpdk045wc/ADDFHX2).  Deleting the latter.
        : Library cell names must be unique.  Any duplicates will be deleted.  Only the first (as determined by the order of libraries) will be retained.
Warning : Multiply-defined library cell. [LBR-22]
        : Library-cell name collision (gpdk045bc/ADDFHX4 and gpdk045wc/ADDFHX4).  Deleting the latter.
Warning : Multiply-defined library cell. [LBR-22]
        : Library-cell name collision (gpdk045bc/ADDFHXL and gpdk045wc/ADDFHXL).  Deleting the latter.
Warning : Multiply-defined library cell. [LBR-22]
        : Library-cell name collision (gpdk045bc/ADDFXL and gpdk045wc/ADDFXL).  Deleting the latter.
Warning : Multiply-defined library cell. [LBR-22]
        : Library-cell name collision (gpdk045bc/ADDHX2 and gpdk045wc/ADDHX2).  Deleting the latter.
Warning : Multiply-defined library cell. [LBR-22]
        : Library-cell name collision (gpdk045bc/ADDHXL and gpdk045wc/ADDHXL).  Deleting the latter.
Warning : Multiply-defined library cell. [LBR-22]
        : Library-cell name collision (gpdk045bc/AND2X4 and gpdk045wc/AND2X4).  Deleting the latter.
Warning : Multiply-defined library cell. [LBR-22]
        : Library-cell name collision (gpdk045bc/AND2X6 and gpdk045wc/AND2X6).  Deleting the latter.
Warning : Multiply-defined library cell. [LBR-22]
        : Library-cell name collision (gpdk045bc/AND2XL and gpdk045wc/AND2XL).  Deleting the latter.
Warning : Multiply-defined library cell. [LBR-22]
        : Library-cell name collision (gpdk045bc/AND3X1 and gpdk045wc/AND3X1).  Deleting the latter.
Warning : Multiply-defined library cell. [LBR-22]
        : Library-cell name collision (gpdk045bc/AND3X8 and gpdk045wc/AND3X8).  Deleting the latter.
Warning : Multiply-defined library cell. [LBR-22]
        : Library-cell name collision (gpdk045bc/AND3XL and gpdk045wc/AND3XL).  Deleting the latter.
Warning : Multiply-defined library cell. [LBR-22]
        : Library-cell name collision (gpdk045bc/AND4X1 and gpdk045wc/AND4X1).  Deleting the latter.
Warning : Multiply-defined library cell. [LBR-22]
        : Library-cell name collision (gpdk045bc/AND4X4 and gpdk045wc/AND4X4).  Deleting the latter.
Warning : Multiply-defined library cell. [LBR-22]
        : Library-cell name collision (gpdk045bc/AND4X8 and gpdk045wc/AND4X8).  Deleting the latter.
Warning : Multiply-defined library cell. [LBR-22]
        : Library-cell name collision (gpdk045bc/AND4XL and gpdk045wc/AND4XL).  Deleting the latter.
Warning : Multiply-defined library cell. [LBR-22]
        : Library-cell name collision (gpdk045bc/AO21X1 and gpdk045wc/AO21X1).  Deleting the latter.
Warning : Multiply-defined library cell. [LBR-22]
        : Library-cell name collision (gpdk045bc/AO21X2 and gpdk045wc/AO21X2).  Deleting the latter.
Warning : Multiply-defined library cell. [LBR-22]
        : Library-cell name collision (gpdk045bc/AO21XL and gpdk045wc/AO21XL).  Deleting the latter.
Warning : Multiply-defined library cell. [LBR-22]
        : Library-cell name collision (gpdk045bc/AO22X1 and gpdk045wc/AO22X1).  Deleting the latter.
  Setting attribute of root '/': 'library' = slow.lib fast.lib typical.lib

  According to lef_library, there are total 11 routing layers [ V(5) / H(6) ]

Info    : Found library cells that are unusable for mapping. [LBR-415]
        : Library: 'slow.lib', Total cells: 477, Usable cells: 452, Cells unusable for mapping: 25.
	List of unusable cells: 'HOLDX1 TLATNCAX12 TLATNCAX2 TLATNCAX20 TLATNCAX6 TLATNSRX4 TLATNSRXL TLATNTSCAX16 TLATNTSCAX4 TLATNTSCAX8 ... and others.'
  Libraries have 324 usable logic and 126 usable sequential lib-cells.
  Setting attribute of root '/': 'lef_library' = {/home/buet/exchange/Live-in-With-VLSI/Live in with vlsi/Day 11 Full adder using 8to1 Mux/work/../library/gsclib045_tech.lef} {/home/buet/exchange/Live-in-With-VLSI/Live in with vlsi/Day 11 Full adder using 8to1 Mux/work/../library/gsclib045_macro.lef}
	input a,b,cin,
	    |
Error   : Verilog-2001 feature. [VLOGPT-3] [read_hdl]
        : Ansi-style port declaration in file '../rtl/fa_8_1.v' on line 3, column 6.
        : The design must be read in with 'read_hdl -v2001'.
1
Encountered problems processing file: ../tcl/fa_8_1.tcl
GUI is already visible.
rc:/> Normal exit.