ncsim: 10.20-s100: (c) Copyright 1995-2011 Cadence Design Systems, Inc.

-------------------------------------
Relinquished control to SimVision...
ncsim> 
ncsim> database -open waves -into waves.shm -default
Created default SHM database waves
ncsim> probe -create -shm rca_tb.a rca_tb.b rca_tb.cin rca_tb.cout rca_tb.i rca_tb.j rca_tb.k rca_tb.sum
Created probe 1
ncsim> run
Time=0, a=0, b=0, cin=0, cout=0, sum=0
Time=5, a=0, b=0, cin=1, cout=0, sum=1
Time=10, a=0, b=1, cin=0, cout=0, sum=1
Time=15, a=0, b=1, cin=1, cout=0, sum=2
Time=20, a=0, b=2, cin=0, cout=0, sum=2
Time=25, a=0, b=2, cin=1, cout=0, sum=3
Time=30, a=0, b=3, cin=0, cout=0, sum=3
Time=35, a=0, b=3, cin=1, cout=0, sum=4
Time=40, a=0, b=4, cin=0, cout=0, sum=4
Time=45, a=0, b=4, cin=1, cout=0, sum=5
Time=50, a=0, b=5, cin=0, cout=0, sum=5
Time=55, a=0, b=5, cin=1, cout=0, sum=6
Time=60, a=0, b=6, cin=0, cout=0, sum=6
Time=65, a=0, b=6, cin=1, cout=0, sum=7
Time=70, a=0, b=7, cin=0, cout=0, sum=7
Time=75, a=0, b=7, cin=1, cout=0, sum=8
Time=80, a=0, b=8, cin=0, cout=0, sum=8
Time=85, a=0, b=8, cin=1, cout=0, sum=9
Time=90, a=0, b=9, cin=0, cout=0, sum=9
Time=95, a=0, b=9, cin=1, cout=0, sum=10
Time=100, a=0, b=10, cin=0, cout=0, sum=10
Time=105, a=0, b=10, cin=1, cout=0, sum=11
Time=110, a=0, b=11, cin=0, cout=0, sum=11
Time=115, a=0, b=11, cin=1, cout=0, sum=12
Time=120, a=0, b=12, cin=0, cout=0, sum=12
Time=125, a=0, b=12, cin=1, cout=0, sum=13
Time=130, a=0, b=13, cin=0, cout=0, sum=13
Time=135, a=0, b=13, cin=1, cout=0, sum=14
Time=140, a=0, b=14, cin=0, cout=0, sum=14
Time=145, a=0, b=14, cin=1, cout=0, sum=15
Time=150, a=0, b=15, cin=0, cout=0, sum=15
Time=155, a=0, b=15, cin=1, cout=1, sum=0
Time=160, a=1, b=0, cin=0, cout=0, sum=1
Time=165, a=1, b=0, cin=1, cout=0, sum=2
Time=170, a=1, b=1, cin=0, cout=0, sum=2
Time=175, a=1, b=1, cin=1, cout=0, sum=3
Time=180, a=1, b=2, cin=0, cout=0, sum=3
Time=185, a=1, b=2, cin=1, cout=0, sum=4
Time=190, a=1, b=3, cin=0, cout=0, sum=4
Time=195, a=1, b=3, cin=1, cout=0, sum=5
Time=200, a=1, b=4, cin=0, cout=0, sum=5
Time=205, a=1, b=4, cin=1, cout=0, sum=6
Time=210, a=1, b=5, cin=0, cout=0, sum=6
Time=215, a=1, b=5, cin=1, cout=0, sum=7
Time=220, a=1, b=6, cin=0, cout=0, sum=7
Time=225, a=1, b=6, cin=1, cout=0, sum=8
Time=230, a=1, b=7, cin=0, cout=0, sum=8
Time=235, a=1, b=7, cin=1, cout=0, sum=9
Time=240, a=1, b=8, cin=0, cout=0, sum=9
Time=245, a=1, b=8, cin=1, cout=0, sum=10
Time=250, a=1, b=9, cin=0, cout=0, sum=10
Time=255, a=1, b=9, cin=1, cout=0, sum=11
Time=260, a=1, b=10, cin=0, cout=0, sum=11
Time=265, a=1, b=10, cin=1, cout=0, sum=12
Time=270, a=1, b=11, cin=0, cout=0, sum=12
Time=275, a=1, b=11, cin=1, cout=0, sum=13
Time=280, a=1, b=12, cin=0, cout=0, sum=13
Time=285, a=1, b=12, cin=1, cout=0, sum=14
Time=290, a=1, b=13, cin=0, cout=0, sum=14
Time=295, a=1, b=13, cin=1, cout=0, sum=15
Time=300, a=1, b=14, cin=0, cout=0, sum=15
Time=305, a=1, b=14, cin=1, cout=1, sum=0
Time=310, a=1, b=15, cin=0, cout=1, sum=0
Time=315, a=1, b=15, cin=1, cout=1, sum=1
Time=320, a=2, b=0, cin=0, cout=0, sum=2
Time=325, a=2, b=0, cin=1, cout=0, sum=3
Time=330, a=2, b=1, cin=0, cout=0, sum=3
Time=335, a=2, b=1, cin=1, cout=0, sum=4
Time=340, a=2, b=2, cin=0, cout=0, sum=4
Time=345, a=2, b=2, cin=1, cout=0, sum=5
Time=350, a=2, b=3, cin=0, cout=0, sum=5
Time=355, a=2, b=3, cin=1, cout=0, sum=6
Time=360, a=2, b=4, cin=0, cout=0, sum=6
Time=365, a=2, b=4, cin=1, cout=0, sum=7
Time=370, a=2, b=5, cin=0, cout=0, sum=7
Time=375, a=2, b=5, cin=1, cout=0, sum=8
Time=380, a=2, b=6, cin=0, cout=0, sum=8
Time=385, a=2, b=6, cin=1, cout=0, sum=9
Time=390, a=2, b=7, cin=0, cout=0, sum=9
Time=395, a=2, b=7, cin=1, cout=0, sum=10
Time=400, a=2, b=8, cin=0, cout=0, sum=10
Time=405, a=2, b=8, cin=1, cout=0, sum=11
Time=410, a=2, b=9, cin=0, cout=0, sum=11
Time=415, a=2, b=9, cin=1, cout=0, sum=12
Time=420, a=2, b=10, cin=0, cout=0, sum=12
Time=425, a=2, b=10, cin=1, cout=0, sum=13
Time=430, a=2, b=11, cin=0, cout=0, sum=13
Time=435, a=2, b=11, cin=1, cout=0, sum=14
Time=440, a=2, b=12, cin=0, cout=0, sum=14
Time=445, a=2, b=12, cin=1, cout=0, sum=15
Time=450, a=2, b=13, cin=0, cout=0, sum=15
Time=455, a=2, b=13, cin=1, cout=1, sum=0
Time=460, a=2, b=14, cin=0, cout=1, sum=0
Time=465, a=2, b=14, cin=1, cout=1, sum=1
Time=470, a=2, b=15, cin=0, cout=1, sum=1
Time=475, a=2, b=15, cin=1, cout=1, sum=2
Time=480, a=3, b=0, cin=0, cout=0, sum=3
Time=485, a=3, b=0, cin=1, cout=0, sum=4
Time=490, a=3, b=1, cin=0, cout=0, sum=4
Time=495, a=3, b=1, cin=1, cout=0, sum=5
Time=500, a=3, b=2, cin=0, cout=0, sum=5
Time=505, a=3, b=2, cin=1, cout=0, sum=6
Time=510, a=3, b=3, cin=0, cout=0, sum=6
Time=515, a=3, b=3, cin=1, cout=0, sum=7
Time=520, a=3, b=4, cin=0, cout=0, sum=7
Time=525, a=3, b=4, cin=1, cout=0, sum=8
Time=530, a=3, b=5, cin=0, cout=0, sum=8
Time=535, a=3, b=5, cin=1, cout=0, sum=9
Time=540, a=3, b=6, cin=0, cout=0, sum=9
Time=545, a=3, b=6, cin=1, cout=0, sum=10
Time=550, a=3, b=7, cin=0, cout=0, sum=10
Time=555, a=3, b=7, cin=1, cout=0, sum=11
Time=560, a=3, b=8, cin=0, cout=0, sum=11
Time=565, a=3, b=8, cin=1, cout=0, sum=12
Time=570, a=3, b=9, cin=0, cout=0, sum=12
Time=575, a=3, b=9, cin=1, cout=0, sum=13
Time=580, a=3, b=10, cin=0, cout=0, sum=13
Time=585, a=3, b=10, cin=1, cout=0, sum=14
Time=590, a=3, b=11, cin=0, cout=0, sum=14
Time=595, a=3, b=11, cin=1, cout=0, sum=15
Time=600, a=3, b=12, cin=0, cout=0, sum=15
Time=605, a=3, b=12, cin=1, cout=1, sum=0
Time=610, a=3, b=13, cin=0, cout=1, sum=0
Time=615, a=3, b=13, cin=1, cout=1, sum=1
Time=620, a=3, b=14, cin=0, cout=1, sum=1
Time=625, a=3, b=14, cin=1, cout=1, sum=2
Time=630, a=3, b=15, cin=0, cout=1, sum=2
Time=635, a=3, b=15, cin=1, cout=1, sum=3
Time=640, a=4, b=0, cin=0, cout=0, sum=4
Time=645, a=4, b=0, cin=1, cout=0, sum=5
Time=650, a=4, b=1, cin=0, cout=0, sum=5
Time=655, a=4, b=1, cin=1, cout=0, sum=6
Time=660, a=4, b=2, cin=0, cout=0, sum=6
Time=665, a=4, b=2, cin=1, cout=0, sum=7
Time=670, a=4, b=3, cin=0, cout=0, sum=7
Time=675, a=4, b=3, cin=1, cout=0, sum=8
Time=680, a=4, b=4, cin=0, cout=0, sum=8
Time=685, a=4, b=4, cin=1, cout=0, sum=9
Time=690, a=4, b=5, cin=0, cout=0, sum=9
Time=695, a=4, b=5, cin=1, cout=0, sum=10
Time=700, a=4, b=6, cin=0, cout=0, sum=10
Time=705, a=4, b=6, cin=1, cout=0, sum=11
Time=710, a=4, b=7, cin=0, cout=0, sum=11
Time=715, a=4, b=7, cin=1, cout=0, sum=12
Time=720, a=4, b=8, cin=0, cout=0, sum=12
Time=725, a=4, b=8, cin=1, cout=0, sum=13
Time=730, a=4, b=9, cin=0, cout=0, sum=13
Time=735, a=4, b=9, cin=1, cout=0, sum=14
Time=740, a=4, b=10, cin=0, cout=0, sum=14
Time=745, a=4, b=10, cin=1, cout=0, sum=15
Time=750, a=4, b=11, cin=0, cout=0, sum=15
Time=755, a=4, b=11, cin=1, cout=1, sum=0
Time=760, a=4, b=12, cin=0, cout=1, sum=0
Time=765, a=4, b=12, cin=1, cout=1, sum=1
Time=770, a=4, b=13, cin=0, cout=1, sum=1
Time=775, a=4, b=13, cin=1, cout=1, sum=2
Time=780, a=4, b=14, cin=0, cout=1, sum=2
Time=785, a=4, b=14, cin=1, cout=1, sum=3
Time=790, a=4, b=15, cin=0, cout=1, sum=3
Time=795, a=4, b=15, cin=1, cout=1, sum=4
Time=800, a=5, b=0, cin=0, cout=0, sum=5
Time=805, a=5, b=0, cin=1, cout=0, sum=6
Time=810, a=5, b=1, cin=0, cout=0, sum=6
Time=815, a=5, b=1, cin=1, cout=0, sum=7
Time=820, a=5, b=2, cin=0, cout=0, sum=7
Time=825, a=5, b=2, cin=1, cout=0, sum=8
Time=830, a=5, b=3, cin=0, cout=0, sum=8
Time=835, a=5, b=3, cin=1, cout=0, sum=9
Time=840, a=5, b=4, cin=0, cout=0, sum=9
Time=845, a=5, b=4, cin=1, cout=0, sum=10
Time=850, a=5, b=5, cin=0, cout=0, sum=10
Time=855, a=5, b=5, cin=1, cout=0, sum=11
Time=860, a=5, b=6, cin=0, cout=0, sum=11
Time=865, a=5, b=6, cin=1, cout=0, sum=12
Time=870, a=5, b=7, cin=0, cout=0, sum=12
Time=875, a=5, b=7, cin=1, cout=0, sum=13
Time=880, a=5, b=8, cin=0, cout=0, sum=13
Time=885, a=5, b=8, cin=1, cout=0, sum=14
Time=890, a=5, b=9, cin=0, cout=0, sum=14
Time=895, a=5, b=9, cin=1, cout=0, sum=15
Time=900, a=5, b=10, cin=0, cout=0, sum=15
Time=905, a=5, b=10, cin=1, cout=1, sum=0
Time=910, a=5, b=11, cin=0, cout=1, sum=0
Time=915, a=5, b=11, cin=1, cout=1, sum=1
Time=920, a=5, b=12, cin=0, cout=1, sum=1
Time=925, a=5, b=12, cin=1, cout=1, sum=2
Time=930, a=5, b=13, cin=0, cout=1, sum=2
Time=935, a=5, b=13, cin=1, cout=1, sum=3
Time=940, a=5, b=14, cin=0, cout=1, sum=3
Time=945, a=5, b=14, cin=1, cout=1, sum=4
Time=950, a=5, b=15, cin=0, cout=1, sum=4
Time=955, a=5, b=15, cin=1, cout=1, sum=5
Time=960, a=6, b=0, cin=0, cout=0, sum=6
Time=965, a=6, b=0, cin=1, cout=0, sum=7
Time=970, a=6, b=1, cin=0, cout=0, sum=7
Time=975, a=6, b=1, cin=1, cout=0, sum=8
Time=980, a=6, b=2, cin=0, cout=0, sum=8
Time=985, a=6, b=2, cin=1, cout=0, sum=9
Time=990, a=6, b=3, cin=0, cout=0, sum=9
Time=995, a=6, b=3, cin=1, cout=0, sum=10
Time=1000, a=6, b=4, cin=0, cout=0, sum=10
Time=1005, a=6, b=4, cin=1, cout=0, sum=11
Time=1010, a=6, b=5, cin=0, cout=0, sum=11
Time=1015, a=6, b=5, cin=1, cout=0, sum=12
Time=1020, a=6, b=6, cin=0, cout=0, sum=12
Time=1025, a=6, b=6, cin=1, cout=0, sum=13
Time=1030, a=6, b=7, cin=0, cout=0, sum=13
Time=1035, a=6, b=7, cin=1, cout=0, sum=14
Time=1040, a=6, b=8, cin=0, cout=0, sum=14
Time=1045, a=6, b=8, cin=1, cout=0, sum=15
Time=1050, a=6, b=9, cin=0, cout=0, sum=15
Time=1055, a=6, b=9, cin=1, cout=1, sum=0
Time=1060, a=6, b=10, cin=0, cout=1, sum=0
Time=1065, a=6, b=10, cin=1, cout=1, sum=1
Time=1070, a=6, b=11, cin=0, cout=1, sum=1
Time=1075, a=6, b=11, cin=1, cout=1, sum=2
Time=1080, a=6, b=12, cin=0, cout=1, sum=2
Time=1085, a=6, b=12, cin=1, cout=1, sum=3
Time=1090, a=6, b=13, cin=0, cout=1, sum=3
Time=1095, a=6, b=13, cin=1, cout=1, sum=4
Time=1100, a=6, b=14, cin=0, cout=1, sum=4
Time=1105, a=6, b=14, cin=1, cout=1, sum=5
Time=1110, a=6, b=15, cin=0, cout=1, sum=5
Time=1115, a=6, b=15, cin=1, cout=1, sum=6
Time=1120, a=7, b=0, cin=0, cout=0, sum=7
Time=1125, a=7, b=0, cin=1, cout=0, sum=8
Time=1130, a=7, b=1, cin=0, cout=0, sum=8
Time=1135, a=7, b=1, cin=1, cout=0, sum=9
Time=1140, a=7, b=2, cin=0, cout=0, sum=9
Time=1145, a=7, b=2, cin=1, cout=0, sum=10
Time=1150, a=7, b=3, cin=0, cout=0, sum=10
Time=1155, a=7, b=3, cin=1, cout=0, sum=11
Time=1160, a=7, b=4, cin=0, cout=0, sum=11
Time=1165, a=7, b=4, cin=1, cout=0, sum=12
Time=1170, a=7, b=5, cin=0, cout=0, sum=12
Time=1175, a=7, b=5, cin=1, cout=0, sum=13
Time=1180, a=7, b=6, cin=0, cout=0, sum=13
Time=1185, a=7, b=6, cin=1, cout=0, sum=14
Time=1190, a=7, b=7, cin=0, cout=0, sum=14
Time=1195, a=7, b=7, cin=1, cout=0, sum=15
Time=1200, a=7, b=8, cin=0, cout=0, sum=15
Time=1205, a=7, b=8, cin=1, cout=1, sum=0
Time=1210, a=7, b=9, cin=0, cout=1, sum=0
Time=1215, a=7, b=9, cin=1, cout=1, sum=1
Time=1220, a=7, b=10, cin=0, cout=1, sum=1
Time=1225, a=7, b=10, cin=1, cout=1, sum=2
Time=1230, a=7, b=11, cin=0, cout=1, sum=2
Time=1235, a=7, b=11, cin=1, cout=1, sum=3
Time=1240, a=7, b=12, cin=0, cout=1, sum=3
Time=1245, a=7, b=12, cin=1, cout=1, sum=4
Time=1250, a=7, b=13, cin=0, cout=1, sum=4
Time=1255, a=7, b=13, cin=1, cout=1, sum=5
Time=1260, a=7, b=14, cin=0, cout=1, sum=5
Time=1265, a=7, b=14, cin=1, cout=1, sum=6
Time=1270, a=7, b=15, cin=0, cout=1, sum=6
Time=1275, a=7, b=15, cin=1, cout=1, sum=7
Time=1280, a=8, b=0, cin=0, cout=0, sum=8
Time=1285, a=8, b=0, cin=1, cout=0, sum=9
Time=1290, a=8, b=1, cin=0, cout=0, sum=9
Time=1295, a=8, b=1, cin=1, cout=0, sum=10
Time=1300, a=8, b=2, cin=0, cout=0, sum=10
Time=1305, a=8, b=2, cin=1, cout=0, sum=11
Time=1310, a=8, b=3, cin=0, cout=0, sum=11
Time=1315, a=8, b=3, cin=1, cout=0, sum=12
Time=1320, a=8, b=4, cin=0, cout=0, sum=12
Time=1325, a=8, b=4, cin=1, cout=0, sum=13
Time=1330, a=8, b=5, cin=0, cout=0, sum=13
Time=1335, a=8, b=5, cin=1, cout=0, sum=14
Time=1340, a=8, b=6, cin=0, cout=0, sum=14
Time=1345, a=8, b=6, cin=1, cout=0, sum=15
Time=1350, a=8, b=7, cin=0, cout=0, sum=15
Time=1355, a=8, b=7, cin=1, cout=1, sum=0
Time=1360, a=8, b=8, cin=0, cout=1, sum=0
Time=1365, a=8, b=8, cin=1, cout=1, sum=1
Time=1370, a=8, b=9, cin=0, cout=1, sum=1
Time=1375, a=8, b=9, cin=1, cout=1, sum=2
Time=1380, a=8, b=10, cin=0, cout=1, sum=2
Time=1385, a=8, b=10, cin=1, cout=1, sum=3
Time=1390, a=8, b=11, cin=0, cout=1, sum=3
Time=1395, a=8, b=11, cin=1, cout=1, sum=4
Time=1400, a=8, b=12, cin=0, cout=1, sum=4
Time=1405, a=8, b=12, cin=1, cout=1, sum=5
Time=1410, a=8, b=13, cin=0, cout=1, sum=5
Time=1415, a=8, b=13, cin=1, cout=1, sum=6
Time=1420, a=8, b=14, cin=0, cout=1, sum=6
Time=1425, a=8, b=14, cin=1, cout=1, sum=7
Time=1430, a=8, b=15, cin=0, cout=1, sum=7
Time=1435, a=8, b=15, cin=1, cout=1, sum=8
Time=1440, a=9, b=0, cin=0, cout=0, sum=9
Time=1445, a=9, b=0, cin=1, cout=0, sum=10
Time=1450, a=9, b=1, cin=0, cout=0, sum=10
Time=1455, a=9, b=1, cin=1, cout=0, sum=11
Time=1460, a=9, b=2, cin=0, cout=0, sum=11
Time=1465, a=9, b=2, cin=1, cout=0, sum=12
Time=1470, a=9, b=3, cin=0, cout=0, sum=12
Time=1475, a=9, b=3, cin=1, cout=0, sum=13
Time=1480, a=9, b=4, cin=0, cout=0, sum=13
Time=1485, a=9, b=4, cin=1, cout=0, sum=14
Time=1490, a=9, b=5, cin=0, cout=0, sum=14
Time=1495, a=9, b=5, cin=1, cout=0, sum=15
Time=1500, a=9, b=6, cin=0, cout=0, sum=15
Time=1505, a=9, b=6, cin=1, cout=1, sum=0
Time=1510, a=9, b=7, cin=0, cout=1, sum=0
Time=1515, a=9, b=7, cin=1, cout=1, sum=1
Time=1520, a=9, b=8, cin=0, cout=1, sum=1
Time=1525, a=9, b=8, cin=1, cout=1, sum=2
Time=1530, a=9, b=9, cin=0, cout=1, sum=2
Time=1535, a=9, b=9, cin=1, cout=1, sum=3
Time=1540, a=9, b=10, cin=0, cout=1, sum=3
Time=1545, a=9, b=10, cin=1, cout=1, sum=4
Time=1550, a=9, b=11, cin=0, cout=1, sum=4
Time=1555, a=9, b=11, cin=1, cout=1, sum=5
Time=1560, a=9, b=12, cin=0, cout=1, sum=5
Time=1565, a=9, b=12, cin=1, cout=1, sum=6
Time=1570, a=9, b=13, cin=0, cout=1, sum=6
Time=1575, a=9, b=13, cin=1, cout=1, sum=7
Time=1580, a=9, b=14, cin=0, cout=1, sum=7
Time=1585, a=9, b=14, cin=1, cout=1, sum=8
Time=1590, a=9, b=15, cin=0, cout=1, sum=8
Time=1595, a=9, b=15, cin=1, cout=1, sum=9
Time=1600, a=10, b=0, cin=0, cout=0, sum=10
Time=1605, a=10, b=0, cin=1, cout=0, sum=11
Time=1610, a=10, b=1, cin=0, cout=0, sum=11
Time=1615, a=10, b=1, cin=1, cout=0, sum=12
Time=1620, a=10, b=2, cin=0, cout=0, sum=12
Time=1625, a=10, b=2, cin=1, cout=0, sum=13
Time=1630, a=10, b=3, cin=0, cout=0, sum=13
Time=1635, a=10, b=3, cin=1, cout=0, sum=14
Time=1640, a=10, b=4, cin=0, cout=0, sum=14
Time=1645, a=10, b=4, cin=1, cout=0, sum=15
Time=1650, a=10, b=5, cin=0, cout=0, sum=15
Time=1655, a=10, b=5, cin=1, cout=1, sum=0
Time=1660, a=10, b=6, cin=0, cout=1, sum=0
Time=1665, a=10, b=6, cin=1, cout=1, sum=1
Time=1670, a=10, b=7, cin=0, cout=1, sum=1
Time=1675, a=10, b=7, cin=1, cout=1, sum=2
Time=1680, a=10, b=8, cin=0, cout=1, sum=2
Time=1685, a=10, b=8, cin=1, cout=1, sum=3
Time=1690, a=10, b=9, cin=0, cout=1, sum=3
Time=1695, a=10, b=9, cin=1, cout=1, sum=4
Time=1700, a=10, b=10, cin=0, cout=1, sum=4
Time=1705, a=10, b=10, cin=1, cout=1, sum=5
Time=1710, a=10, b=11, cin=0, cout=1, sum=5
Time=1715, a=10, b=11, cin=1, cout=1, sum=6
Time=1720, a=10, b=12, cin=0, cout=1, sum=6
Time=1725, a=10, b=12, cin=1, cout=1, sum=7
Time=1730, a=10, b=13, cin=0, cout=1, sum=7
Time=1735, a=10, b=13, cin=1, cout=1, sum=8
Time=1740, a=10, b=14, cin=0, cout=1, sum=8
Time=1745, a=10, b=14, cin=1, cout=1, sum=9
Time=1750, a=10, b=15, cin=0, cout=1, sum=9
Time=1755, a=10, b=15, cin=1, cout=1, sum=10
Time=1760, a=11, b=0, cin=0, cout=0, sum=11
Time=1765, a=11, b=0, cin=1, cout=0, sum=12
Time=1770, a=11, b=1, cin=0, cout=0, sum=12
Time=1775, a=11, b=1, cin=1, cout=0, sum=13
Time=1780, a=11, b=2, cin=0, cout=0, sum=13
Time=1785, a=11, b=2, cin=1, cout=0, sum=14
Time=1790, a=11, b=3, cin=0, cout=0, sum=14
Time=1795, a=11, b=3, cin=1, cout=0, sum=15
Time=1800, a=11, b=4, cin=0, cout=0, sum=15
Time=1805, a=11, b=4, cin=1, cout=1, sum=0
Time=1810, a=11, b=5, cin=0, cout=1, sum=0
Time=1815, a=11, b=5, cin=1, cout=1, sum=1
Time=1820, a=11, b=6, cin=0, cout=1, sum=1
Time=1825, a=11, b=6, cin=1, cout=1, sum=2
Time=1830, a=11, b=7, cin=0, cout=1, sum=2
Time=1835, a=11, b=7, cin=1, cout=1, sum=3
Time=1840, a=11, b=8, cin=0, cout=1, sum=3
Time=1845, a=11, b=8, cin=1, cout=1, sum=4
Time=1850, a=11, b=9, cin=0, cout=1, sum=4
Time=1855, a=11, b=9, cin=1, cout=1, sum=5
Time=1860, a=11, b=10, cin=0, cout=1, sum=5
Time=1865, a=11, b=10, cin=1, cout=1, sum=6
Time=1870, a=11, b=11, cin=0, cout=1, sum=6
Time=1875, a=11, b=11, cin=1, cout=1, sum=7
Time=1880, a=11, b=12, cin=0, cout=1, sum=7
Time=1885, a=11, b=12, cin=1, cout=1, sum=8
Time=1890, a=11, b=13, cin=0, cout=1, sum=8
Time=1895, a=11, b=13, cin=1, cout=1, sum=9
Time=1900, a=11, b=14, cin=0, cout=1, sum=9
Time=1905, a=11, b=14, cin=1, cout=1, sum=10
Time=1910, a=11, b=15, cin=0, cout=1, sum=10
Time=1915, a=11, b=15, cin=1, cout=1, sum=11
Time=1920, a=12, b=0, cin=0, cout=0, sum=12
Time=1925, a=12, b=0, cin=1, cout=0, sum=13
Time=1930, a=12, b=1, cin=0, cout=0, sum=13
Time=1935, a=12, b=1, cin=1, cout=0, sum=14
Time=1940, a=12, b=2, cin=0, cout=0, sum=14
Time=1945, a=12, b=2, cin=1, cout=0, sum=15
Time=1950, a=12, b=3, cin=0, cout=0, sum=15
Time=1955, a=12, b=3, cin=1, cout=1, sum=0
Time=1960, a=12, b=4, cin=0, cout=1, sum=0
Time=1965, a=12, b=4, cin=1, cout=1, sum=1
Time=1970, a=12, b=5, cin=0, cout=1, sum=1
Time=1975, a=12, b=5, cin=1, cout=1, sum=2
Time=1980, a=12, b=6, cin=0, cout=1, sum=2
Time=1985, a=12, b=6, cin=1, cout=1, sum=3
Time=1990, a=12, b=7, cin=0, cout=1, sum=3
Time=1995, a=12, b=7, cin=1, cout=1, sum=4
Time=2000, a=12, b=8, cin=0, cout=1, sum=4
Time=2005, a=12, b=8, cin=1, cout=1, sum=5
Time=2010, a=12, b=9, cin=0, cout=1, sum=5
Time=2015, a=12, b=9, cin=1, cout=1, sum=6
Time=2020, a=12, b=10, cin=0, cout=1, sum=6
Time=2025, a=12, b=10, cin=1, cout=1, sum=7
Time=2030, a=12, b=11, cin=0, cout=1, sum=7
Time=2035, a=12, b=11, cin=1, cout=1, sum=8
Time=2040, a=12, b=12, cin=0, cout=1, sum=8
Time=2045, a=12, b=12, cin=1, cout=1, sum=9
Time=2050, a=12, b=13, cin=0, cout=1, sum=9
Time=2055, a=12, b=13, cin=1, cout=1, sum=10
Time=2060, a=12, b=14, cin=0, cout=1, sum=10
Time=2065, a=12, b=14, cin=1, cout=1, sum=11
Time=2070, a=12, b=15, cin=0, cout=1, sum=11
Time=2075, a=12, b=15, cin=1, cout=1, sum=12
Time=2080, a=13, b=0, cin=0, cout=0, sum=13
Time=2085, a=13, b=0, cin=1, cout=0, sum=14
Time=2090, a=13, b=1, cin=0, cout=0, sum=14
Time=2095, a=13, b=1, cin=1, cout=0, sum=15
Time=2100, a=13, b=2, cin=0, cout=0, sum=15
Time=2105, a=13, b=2, cin=1, cout=1, sum=0
Time=2110, a=13, b=3, cin=0, cout=1, sum=0
Time=2115, a=13, b=3, cin=1, cout=1, sum=1
Time=2120, a=13, b=4, cin=0, cout=1, sum=1
Time=2125, a=13, b=4, cin=1, cout=1, sum=2
Time=2130, a=13, b=5, cin=0, cout=1, sum=2
Time=2135, a=13, b=5, cin=1, cout=1, sum=3
Time=2140, a=13, b=6, cin=0, cout=1, sum=3
Time=2145, a=13, b=6, cin=1, cout=1, sum=4
Time=2150, a=13, b=7, cin=0, cout=1, sum=4
Time=2155, a=13, b=7, cin=1, cout=1, sum=5
Time=2160, a=13, b=8, cin=0, cout=1, sum=5
Time=2165, a=13, b=8, cin=1, cout=1, sum=6
Time=2170, a=13, b=9, cin=0, cout=1, sum=6
Time=2175, a=13, b=9, cin=1, cout=1, sum=7
Time=2180, a=13, b=10, cin=0, cout=1, sum=7
Time=2185, a=13, b=10, cin=1, cout=1, sum=8
Time=2190, a=13, b=11, cin=0, cout=1, sum=8
Time=2195, a=13, b=11, cin=1, cout=1, sum=9
Time=2200, a=13, b=12, cin=0, cout=1, sum=9
Time=2205, a=13, b=12, cin=1, cout=1, sum=10
Time=2210, a=13, b=13, cin=0, cout=1, sum=10
Time=2215, a=13, b=13, cin=1, cout=1, sum=11
Time=2220, a=13, b=14, cin=0, cout=1, sum=11
Time=2225, a=13, b=14, cin=1, cout=1, sum=12
Time=2230, a=13, b=15, cin=0, cout=1, sum=12
Time=2235, a=13, b=15, cin=1, cout=1, sum=13
Time=2240, a=14, b=0, cin=0, cout=0, sum=14
Time=2245, a=14, b=0, cin=1, cout=0, sum=15
Time=2250, a=14, b=1, cin=0, cout=0, sum=15
Time=2255, a=14, b=1, cin=1, cout=1, sum=0
Time=2260, a=14, b=2, cin=0, cout=1, sum=0
Time=2265, a=14, b=2, cin=1, cout=1, sum=1
Time=2270, a=14, b=3, cin=0, cout=1, sum=1
Time=2275, a=14, b=3, cin=1, cout=1, sum=2
Time=2280, a=14, b=4, cin=0, cout=1, sum=2
Time=2285, a=14, b=4, cin=1, cout=1, sum=3
Time=2290, a=14, b=5, cin=0, cout=1, sum=3
Time=2295, a=14, b=5, cin=1, cout=1, sum=4
Time=2300, a=14, b=6, cin=0, cout=1, sum=4
Time=2305, a=14, b=6, cin=1, cout=1, sum=5
Time=2310, a=14, b=7, cin=0, cout=1, sum=5
Time=2315, a=14, b=7, cin=1, cout=1, sum=6
Time=2320, a=14, b=8, cin=0, cout=1, sum=6
Time=2325, a=14, b=8, cin=1, cout=1, sum=7
Time=2330, a=14, b=9, cin=0, cout=1, sum=7
Time=2335, a=14, b=9, cin=1, cout=1, sum=8
Time=2340, a=14, b=10, cin=0, cout=1, sum=8
Time=2345, a=14, b=10, cin=1, cout=1, sum=9
Time=2350, a=14, b=11, cin=0, cout=1, sum=9
Time=2355, a=14, b=11, cin=1, cout=1, sum=10
Time=2360, a=14, b=12, cin=0, cout=1, sum=10
Time=2365, a=14, b=12, cin=1, cout=1, sum=11
Time=2370, a=14, b=13, cin=0, cout=1, sum=11
Time=2375, a=14, b=13, cin=1, cout=1, sum=12
Time=2380, a=14, b=14, cin=0, cout=1, sum=12
Time=2385, a=14, b=14, cin=1, cout=1, sum=13
Time=2390, a=14, b=15, cin=0, cout=1, sum=13
Time=2395, a=14, b=15, cin=1, cout=1, sum=14
Time=2400, a=15, b=0, cin=0, cout=0, sum=15
Time=2405, a=15, b=0, cin=1, cout=1, sum=0
Time=2410, a=15, b=1, cin=0, cout=1, sum=0
Time=2415, a=15, b=1, cin=1, cout=1, sum=1
Time=2420, a=15, b=2, cin=0, cout=1, sum=1
Time=2425, a=15, b=2, cin=1, cout=1, sum=2
Time=2430, a=15, b=3, cin=0, cout=1, sum=2
Time=2435, a=15, b=3, cin=1, cout=1, sum=3
Time=2440, a=15, b=4, cin=0, cout=1, sum=3
Time=2445, a=15, b=4, cin=1, cout=1, sum=4
Time=2450, a=15, b=5, cin=0, cout=1, sum=4
Time=2455, a=15, b=5, cin=1, cout=1, sum=5
Time=2460, a=15, b=6, cin=0, cout=1, sum=5
Time=2465, a=15, b=6, cin=1, cout=1, sum=6
Time=2470, a=15, b=7, cin=0, cout=1, sum=6
Time=2475, a=15, b=7, cin=1, cout=1, sum=7
Time=2480, a=15, b=8, cin=0, cout=1, sum=7
Time=2485, a=15, b=8, cin=1, cout=1, sum=8
Time=2490, a=15, b=9, cin=0, cout=1, sum=8
Time=2495, a=15, b=9, cin=1, cout=1, sum=9
Time=2500, a=15, b=10, cin=0, cout=1, sum=9
Time=2505, a=15, b=10, cin=1, cout=1, sum=10
Time=2510, a=15, b=11, cin=0, cout=1, sum=10
Time=2515, a=15, b=11, cin=1, cout=1, sum=11
Time=2520, a=15, b=12, cin=0, cout=1, sum=11
Time=2525, a=15, b=12, cin=1, cout=1, sum=12
Time=2530, a=15, b=13, cin=0, cout=1, sum=12
Time=2535, a=15, b=13, cin=1, cout=1, sum=13
Time=2540, a=15, b=14, cin=0, cout=1, sum=13
Time=2545, a=15, b=14, cin=1, cout=1, sum=14
Time=2550, a=15, b=15, cin=0, cout=1, sum=14
Time=2555, a=15, b=15, cin=1, cout=1, sum=15
ncsim: *W,RNQUIE: Simulation is complete.
ncsim> ^C
ncsim> exit
ncsim: Memory Usage - 20.7M program + 32.1M data = 52.8M total
ncsim: CPU Usage - 0.4s system + 3.6s user = 4.0s total (150.6s, 2.6% cpu)
