ncsim: 10.20-s100: (c) Copyright 1995-2011 Cadence Design Systems, Inc.

-------------------------------------
Relinquished control to SimVision...
ncsim> 
ncsim> database -open waves -into waves.shm -default
Created default SHM database waves
ncsim> probe -create -shm mux_8_1_tb.a mux_8_1_tb.b mux_8_1_tb.i mux_8_1_tb.s mux_8_1_tb.y
Created probe 1
ncsim> run
Time=0,i=0,s=0,y=0
Time=5,i=0,s=1,y=0
Time=10,i=0,s=10,y=0
Time=15,i=0,s=11,y=0
Time=20,i=0,s=100,y=0
Time=25,i=0,s=101,y=0
Time=30,i=0,s=110,y=0
Time=35,i=0,s=111,y=0
Time=40,i=1,s=0,y=1
Time=45,i=1,s=1,y=0
Time=50,i=1,s=10,y=0
Time=55,i=1,s=11,y=0
Time=60,i=1,s=100,y=0
Time=65,i=1,s=101,y=0
Time=70,i=1,s=110,y=0
Time=75,i=1,s=111,y=0
Time=80,i=10,s=0,y=0
Time=85,i=10,s=1,y=1
Time=90,i=10,s=10,y=0
Time=95,i=10,s=11,y=0
Time=100,i=10,s=100,y=0
Time=105,i=10,s=101,y=0
Time=110,i=10,s=110,y=0
Time=115,i=10,s=111,y=0
Time=120,i=11,s=0,y=1
Time=125,i=11,s=1,y=1
Time=130,i=11,s=10,y=0
Time=135,i=11,s=11,y=0
Time=140,i=11,s=100,y=0
Time=145,i=11,s=101,y=0
Time=150,i=11,s=110,y=0
Time=155,i=11,s=111,y=0
Time=160,i=100,s=0,y=0
Time=165,i=100,s=1,y=0
Time=170,i=100,s=10,y=1
Time=175,i=100,s=11,y=0
Time=180,i=100,s=100,y=0
Time=185,i=100,s=101,y=0
Time=190,i=100,s=110,y=0
Time=195,i=100,s=111,y=0
Time=200,i=101,s=0,y=1
Time=205,i=101,s=1,y=0
Time=210,i=101,s=10,y=1
Time=215,i=101,s=11,y=0
Time=220,i=101,s=100,y=0
Time=225,i=101,s=101,y=0
Time=230,i=101,s=110,y=0
Time=235,i=101,s=111,y=0
Time=240,i=110,s=0,y=0
Time=245,i=110,s=1,y=1
Time=250,i=110,s=10,y=1
Time=255,i=110,s=11,y=0
Time=260,i=110,s=100,y=0
Time=265,i=110,s=101,y=0
Time=270,i=110,s=110,y=0
Time=275,i=110,s=111,y=0
Time=280,i=111,s=0,y=1
Time=285,i=111,s=1,y=1
Time=290,i=111,s=10,y=1
Time=295,i=111,s=11,y=0
Time=300,i=111,s=100,y=0
Time=305,i=111,s=101,y=0
Time=310,i=111,s=110,y=0
Time=315,i=111,s=111,y=0
Time=320,i=1000,s=0,y=0
Time=325,i=1000,s=1,y=0
Time=330,i=1000,s=10,y=0
Time=335,i=1000,s=11,y=1
Time=340,i=1000,s=100,y=0
Time=345,i=1000,s=101,y=0
Time=350,i=1000,s=110,y=0
Time=355,i=1000,s=111,y=0
Time=360,i=1001,s=0,y=1
Time=365,i=1001,s=1,y=0
Time=370,i=1001,s=10,y=0
Time=375,i=1001,s=11,y=1
Time=380,i=1001,s=100,y=0
Time=385,i=1001,s=101,y=0
Time=390,i=1001,s=110,y=0
Time=395,i=1001,s=111,y=0
Time=400,i=1010,s=0,y=0
Time=405,i=1010,s=1,y=1
Time=410,i=1010,s=10,y=0
Time=415,i=1010,s=11,y=1
Time=420,i=1010,s=100,y=0
Time=425,i=1010,s=101,y=0
Time=430,i=1010,s=110,y=0
Time=435,i=1010,s=111,y=0
Time=440,i=1011,s=0,y=1
Time=445,i=1011,s=1,y=1
Time=450,i=1011,s=10,y=0
Time=455,i=1011,s=11,y=1
Time=460,i=1011,s=100,y=0
Time=465,i=1011,s=101,y=0
Time=470,i=1011,s=110,y=0
Time=475,i=1011,s=111,y=0
Time=480,i=1100,s=0,y=0
Time=485,i=1100,s=1,y=0
Time=490,i=1100,s=10,y=1
Time=495,i=1100,s=11,y=1
Time=500,i=1100,s=100,y=0
Time=505,i=1100,s=101,y=0
Time=510,i=1100,s=110,y=0
Time=515,i=1100,s=111,y=0
Time=520,i=1101,s=0,y=1
Time=525,i=1101,s=1,y=0
Time=530,i=1101,s=10,y=1
Time=535,i=1101,s=11,y=1
Time=540,i=1101,s=100,y=0
Time=545,i=1101,s=101,y=0
Time=550,i=1101,s=110,y=0
Time=555,i=1101,s=111,y=0
Time=560,i=1110,s=0,y=0
Time=565,i=1110,s=1,y=1
Time=570,i=1110,s=10,y=1
Time=575,i=1110,s=11,y=1
Time=580,i=1110,s=100,y=0
Time=585,i=1110,s=101,y=0
Time=590,i=1110,s=110,y=0
Time=595,i=1110,s=111,y=0
Time=600,i=1111,s=0,y=1
Time=605,i=1111,s=1,y=1
Time=610,i=1111,s=10,y=1
Time=615,i=1111,s=11,y=1
Time=620,i=1111,s=100,y=0
Time=625,i=1111,s=101,y=0
Time=630,i=1111,s=110,y=0
Time=635,i=1111,s=111,y=0
Time=640,i=10000,s=0,y=0
Time=645,i=10000,s=1,y=0
Time=650,i=10000,s=10,y=0
Time=655,i=10000,s=11,y=0
Time=660,i=10000,s=100,y=1
Time=665,i=10000,s=101,y=0
Time=670,i=10000,s=110,y=0
Time=675,i=10000,s=111,y=0
Time=680,i=10001,s=0,y=1
Time=685,i=10001,s=1,y=0
Time=690,i=10001,s=10,y=0
Time=695,i=10001,s=11,y=0
Time=700,i=10001,s=100,y=1
Time=705,i=10001,s=101,y=0
Time=710,i=10001,s=110,y=0
Time=715,i=10001,s=111,y=0
Time=720,i=10010,s=0,y=0
Time=725,i=10010,s=1,y=1
Time=730,i=10010,s=10,y=0
Time=735,i=10010,s=11,y=0
Time=740,i=10010,s=100,y=1
Time=745,i=10010,s=101,y=0
Time=750,i=10010,s=110,y=0
Time=755,i=10010,s=111,y=0
Time=760,i=10011,s=0,y=1
Time=765,i=10011,s=1,y=1
Time=770,i=10011,s=10,y=0
Time=775,i=10011,s=11,y=0
Time=780,i=10011,s=100,y=1
Time=785,i=10011,s=101,y=0
Time=790,i=10011,s=110,y=0
Time=795,i=10011,s=111,y=0
Time=800,i=10100,s=0,y=0
Time=805,i=10100,s=1,y=0
Time=810,i=10100,s=10,y=1
Time=815,i=10100,s=11,y=0
Time=820,i=10100,s=100,y=1
Time=825,i=10100,s=101,y=0
Time=830,i=10100,s=110,y=0
Time=835,i=10100,s=111,y=0
Time=840,i=10101,s=0,y=1
Time=845,i=10101,s=1,y=0
Time=850,i=10101,s=10,y=1
Time=855,i=10101,s=11,y=0
Time=860,i=10101,s=100,y=1
Time=865,i=10101,s=101,y=0
Time=870,i=10101,s=110,y=0
Time=875,i=10101,s=111,y=0
Time=880,i=10110,s=0,y=0
Time=885,i=10110,s=1,y=1
Time=890,i=10110,s=10,y=1
Time=895,i=10110,s=11,y=0
Time=900,i=10110,s=100,y=1
Time=905,i=10110,s=101,y=0
Time=910,i=10110,s=110,y=0
Time=915,i=10110,s=111,y=0
Time=920,i=10111,s=0,y=1
Time=925,i=10111,s=1,y=1
Time=930,i=10111,s=10,y=1
Time=935,i=10111,s=11,y=0
Time=940,i=10111,s=100,y=1
Time=945,i=10111,s=101,y=0
Time=950,i=10111,s=110,y=0
Time=955,i=10111,s=111,y=0
Time=960,i=11000,s=0,y=0
Time=965,i=11000,s=1,y=0
Time=970,i=11000,s=10,y=0
Time=975,i=11000,s=11,y=1
Time=980,i=11000,s=100,y=1
Time=985,i=11000,s=101,y=0
Time=990,i=11000,s=110,y=0
Time=995,i=11000,s=111,y=0
Time=1000,i=11001,s=0,y=1
Time=1005,i=11001,s=1,y=0
Time=1010,i=11001,s=10,y=0
Time=1015,i=11001,s=11,y=1
Time=1020,i=11001,s=100,y=1
Time=1025,i=11001,s=101,y=0
Time=1030,i=11001,s=110,y=0
Time=1035,i=11001,s=111,y=0
Time=1040,i=11010,s=0,y=0
Time=1045,i=11010,s=1,y=1
Time=1050,i=11010,s=10,y=0
Time=1055,i=11010,s=11,y=1
Time=1060,i=11010,s=100,y=1
Time=1065,i=11010,s=101,y=0
Time=1070,i=11010,s=110,y=0
Time=1075,i=11010,s=111,y=0
Time=1080,i=11011,s=0,y=1
Time=1085,i=11011,s=1,y=1
Time=1090,i=11011,s=10,y=0
Time=1095,i=11011,s=11,y=1
Time=1100,i=11011,s=100,y=1
Time=1105,i=11011,s=101,y=0
Time=1110,i=11011,s=110,y=0
Time=1115,i=11011,s=111,y=0
Time=1120,i=11100,s=0,y=0
Time=1125,i=11100,s=1,y=0
Time=1130,i=11100,s=10,y=1
Time=1135,i=11100,s=11,y=1
Time=1140,i=11100,s=100,y=1
Time=1145,i=11100,s=101,y=0
Time=1150,i=11100,s=110,y=0
Time=1155,i=11100,s=111,y=0
Time=1160,i=11101,s=0,y=1
Time=1165,i=11101,s=1,y=0
Time=1170,i=11101,s=10,y=1
Time=1175,i=11101,s=11,y=1
Time=1180,i=11101,s=100,y=1
Time=1185,i=11101,s=101,y=0
Time=1190,i=11101,s=110,y=0
Time=1195,i=11101,s=111,y=0
Time=1200,i=11110,s=0,y=0
Time=1205,i=11110,s=1,y=1
Time=1210,i=11110,s=10,y=1
Time=1215,i=11110,s=11,y=1
Time=1220,i=11110,s=100,y=1
Time=1225,i=11110,s=101,y=0
Time=1230,i=11110,s=110,y=0
Time=1235,i=11110,s=111,y=0
Time=1240,i=11111,s=0,y=1
Time=1245,i=11111,s=1,y=1
Time=1250,i=11111,s=10,y=1
Time=1255,i=11111,s=11,y=1
Time=1260,i=11111,s=100,y=1
Time=1265,i=11111,s=101,y=0
Time=1270,i=11111,s=110,y=0
Time=1275,i=11111,s=111,y=0
Time=1280,i=100000,s=0,y=0
Time=1285,i=100000,s=1,y=0
Time=1290,i=100000,s=10,y=0
Time=1295,i=100000,s=11,y=0
Time=1300,i=100000,s=100,y=0
Time=1305,i=100000,s=101,y=1
Time=1310,i=100000,s=110,y=0
Time=1315,i=100000,s=111,y=0
Time=1320,i=100001,s=0,y=1
Time=1325,i=100001,s=1,y=0
Time=1330,i=100001,s=10,y=0
Time=1335,i=100001,s=11,y=0
Time=1340,i=100001,s=100,y=0
Time=1345,i=100001,s=101,y=1
Time=1350,i=100001,s=110,y=0
Time=1355,i=100001,s=111,y=0
Time=1360,i=100010,s=0,y=0
Time=1365,i=100010,s=1,y=1
Time=1370,i=100010,s=10,y=0
Time=1375,i=100010,s=11,y=0
Time=1380,i=100010,s=100,y=0
Time=1385,i=100010,s=101,y=1
Time=1390,i=100010,s=110,y=0
Time=1395,i=100010,s=111,y=0
Time=1400,i=100011,s=0,y=1
Time=1405,i=100011,s=1,y=1
Time=1410,i=100011,s=10,y=0
Time=1415,i=100011,s=11,y=0
Time=1420,i=100011,s=100,y=0
Time=1425,i=100011,s=101,y=1
Time=1430,i=100011,s=110,y=0
Time=1435,i=100011,s=111,y=0
Time=1440,i=100100,s=0,y=0
Time=1445,i=100100,s=1,y=0
Time=1450,i=100100,s=10,y=1
Time=1455,i=100100,s=11,y=0
Time=1460,i=100100,s=100,y=0
Time=1465,i=100100,s=101,y=1
Time=1470,i=100100,s=110,y=0
Time=1475,i=100100,s=111,y=0
Time=1480,i=100101,s=0,y=1
Time=1485,i=100101,s=1,y=0
Time=1490,i=100101,s=10,y=1
Time=1495,i=100101,s=11,y=0
Time=1500,i=100101,s=100,y=0
Time=1505,i=100101,s=101,y=1
Time=1510,i=100101,s=110,y=0
Time=1515,i=100101,s=111,y=0
Time=1520,i=100110,s=0,y=0
Time=1525,i=100110,s=1,y=1
Time=1530,i=100110,s=10,y=1
Time=1535,i=100110,s=11,y=0
Time=1540,i=100110,s=100,y=0
Time=1545,i=100110,s=101,y=1
Time=1550,i=100110,s=110,y=0
Time=1555,i=100110,s=111,y=0
Time=1560,i=100111,s=0,y=1
Time=1565,i=100111,s=1,y=1
Time=1570,i=100111,s=10,y=1
Time=1575,i=100111,s=11,y=0
Time=1580,i=100111,s=100,y=0
Time=1585,i=100111,s=101,y=1
Time=1590,i=100111,s=110,y=0
Time=1595,i=100111,s=111,y=0
Time=1600,i=101000,s=0,y=0
Time=1605,i=101000,s=1,y=0
Time=1610,i=101000,s=10,y=0
Time=1615,i=101000,s=11,y=1
Time=1620,i=101000,s=100,y=0
Time=1625,i=101000,s=101,y=1
Time=1630,i=101000,s=110,y=0
Time=1635,i=101000,s=111,y=0
Time=1640,i=101001,s=0,y=1
Time=1645,i=101001,s=1,y=0
Time=1650,i=101001,s=10,y=0
Time=1655,i=101001,s=11,y=1
Time=1660,i=101001,s=100,y=0
Time=1665,i=101001,s=101,y=1
Time=1670,i=101001,s=110,y=0
Time=1675,i=101001,s=111,y=0
Time=1680,i=101010,s=0,y=0
Time=1685,i=101010,s=1,y=1
Time=1690,i=101010,s=10,y=0
Time=1695,i=101010,s=11,y=1
Time=1700,i=101010,s=100,y=0
Time=1705,i=101010,s=101,y=1
Time=1710,i=101010,s=110,y=0
Time=1715,i=101010,s=111,y=0
Time=1720,i=101011,s=0,y=1
Time=1725,i=101011,s=1,y=1
Time=1730,i=101011,s=10,y=0
Time=1735,i=101011,s=11,y=1
Time=1740,i=101011,s=100,y=0
Time=1745,i=101011,s=101,y=1
Time=1750,i=101011,s=110,y=0
Time=1755,i=101011,s=111,y=0
Time=1760,i=101100,s=0,y=0
Time=1765,i=101100,s=1,y=0
Time=1770,i=101100,s=10,y=1
Time=1775,i=101100,s=11,y=1
Time=1780,i=101100,s=100,y=0
Time=1785,i=101100,s=101,y=1
Time=1790,i=101100,s=110,y=0
Time=1795,i=101100,s=111,y=0
Time=1800,i=101101,s=0,y=1
Time=1805,i=101101,s=1,y=0
Time=1810,i=101101,s=10,y=1
Time=1815,i=101101,s=11,y=1
Time=1820,i=101101,s=100,y=0
Time=1825,i=101101,s=101,y=1
Time=1830,i=101101,s=110,y=0
Time=1835,i=101101,s=111,y=0
Time=1840,i=101110,s=0,y=0
Time=1845,i=101110,s=1,y=1
Time=1850,i=101110,s=10,y=1
Time=1855,i=101110,s=11,y=1
Time=1860,i=101110,s=100,y=0
Time=1865,i=101110,s=101,y=1
Time=1870,i=101110,s=110,y=0
Time=1875,i=101110,s=111,y=0
Time=1880,i=101111,s=0,y=1
Time=1885,i=101111,s=1,y=1
Time=1890,i=101111,s=10,y=1
Time=1895,i=101111,s=11,y=1
Time=1900,i=101111,s=100,y=0
Time=1905,i=101111,s=101,y=1
Time=1910,i=101111,s=110,y=0
Time=1915,i=101111,s=111,y=0
Time=1920,i=110000,s=0,y=0
Time=1925,i=110000,s=1,y=0
Time=1930,i=110000,s=10,y=0
Time=1935,i=110000,s=11,y=0
Time=1940,i=110000,s=100,y=1
Time=1945,i=110000,s=101,y=1
Time=1950,i=110000,s=110,y=0
Time=1955,i=110000,s=111,y=0
Time=1960,i=110001,s=0,y=1
Time=1965,i=110001,s=1,y=0
Time=1970,i=110001,s=10,y=0
Time=1975,i=110001,s=11,y=0
Time=1980,i=110001,s=100,y=1
Time=1985,i=110001,s=101,y=1
Time=1990,i=110001,s=110,y=0
Time=1995,i=110001,s=111,y=0
Time=2000,i=110010,s=0,y=0
Time=2005,i=110010,s=1,y=1
Time=2010,i=110010,s=10,y=0
Time=2015,i=110010,s=11,y=0
Time=2020,i=110010,s=100,y=1
Time=2025,i=110010,s=101,y=1
Time=2030,i=110010,s=110,y=0
Time=2035,i=110010,s=111,y=0
Time=2040,i=110011,s=0,y=1
Time=2045,i=110011,s=1,y=1
Time=2050,i=110011,s=10,y=0
Time=2055,i=110011,s=11,y=0
Time=2060,i=110011,s=100,y=1
Time=2065,i=110011,s=101,y=1
Time=2070,i=110011,s=110,y=0
Time=2075,i=110011,s=111,y=0
Time=2080,i=110100,s=0,y=0
Time=2085,i=110100,s=1,y=0
Time=2090,i=110100,s=10,y=1
Time=2095,i=110100,s=11,y=0
Time=2100,i=110100,s=100,y=1
Time=2105,i=110100,s=101,y=1
Time=2110,i=110100,s=110,y=0
Time=2115,i=110100,s=111,y=0
Time=2120,i=110101,s=0,y=1
Time=2125,i=110101,s=1,y=0
Time=2130,i=110101,s=10,y=1
Time=2135,i=110101,s=11,y=0
Time=2140,i=110101,s=100,y=1
Time=2145,i=110101,s=101,y=1
Time=2150,i=110101,s=110,y=0
Time=2155,i=110101,s=111,y=0
Time=2160,i=110110,s=0,y=0
Time=2165,i=110110,s=1,y=1
Time=2170,i=110110,s=10,y=1
Time=2175,i=110110,s=11,y=0
Time=2180,i=110110,s=100,y=1
Time=2185,i=110110,s=101,y=1
Time=2190,i=110110,s=110,y=0
Time=2195,i=110110,s=111,y=0
Time=2200,i=110111,s=0,y=1
Time=2205,i=110111,s=1,y=1
Time=2210,i=110111,s=10,y=1
Time=2215,i=110111,s=11,y=0
Time=2220,i=110111,s=100,y=1
Time=2225,i=110111,s=101,y=1
Time=2230,i=110111,s=110,y=0
Time=2235,i=110111,s=111,y=0
Time=2240,i=111000,s=0,y=0
Time=2245,i=111000,s=1,y=0
Time=2250,i=111000,s=10,y=0
Time=2255,i=111000,s=11,y=1
Time=2260,i=111000,s=100,y=1
Time=2265,i=111000,s=101,y=1
Time=2270,i=111000,s=110,y=0
Time=2275,i=111000,s=111,y=0
Time=2280,i=111001,s=0,y=1
Time=2285,i=111001,s=1,y=0
Time=2290,i=111001,s=10,y=0
Time=2295,i=111001,s=11,y=1
Time=2300,i=111001,s=100,y=1
Time=2305,i=111001,s=101,y=1
Time=2310,i=111001,s=110,y=0
Time=2315,i=111001,s=111,y=0
Time=2320,i=111010,s=0,y=0
Time=2325,i=111010,s=1,y=1
Time=2330,i=111010,s=10,y=0
Time=2335,i=111010,s=11,y=1
Time=2340,i=111010,s=100,y=1
Time=2345,i=111010,s=101,y=1
Time=2350,i=111010,s=110,y=0
Time=2355,i=111010,s=111,y=0
Time=2360,i=111011,s=0,y=1
Time=2365,i=111011,s=1,y=1
Time=2370,i=111011,s=10,y=0
Time=2375,i=111011,s=11,y=1
Time=2380,i=111011,s=100,y=1
Time=2385,i=111011,s=101,y=1
Time=2390,i=111011,s=110,y=0
Time=2395,i=111011,s=111,y=0
Time=2400,i=111100,s=0,y=0
Time=2405,i=111100,s=1,y=0
Time=2410,i=111100,s=10,y=1
Time=2415,i=111100,s=11,y=1
Time=2420,i=111100,s=100,y=1
Time=2425,i=111100,s=101,y=1
Time=2430,i=111100,s=110,y=0
Time=2435,i=111100,s=111,y=0
Time=2440,i=111101,s=0,y=1
Time=2445,i=111101,s=1,y=0
Time=2450,i=111101,s=10,y=1
Time=2455,i=111101,s=11,y=1
Time=2460,i=111101,s=100,y=1
Time=2465,i=111101,s=101,y=1
Time=2470,i=111101,s=110,y=0
Time=2475,i=111101,s=111,y=0
Time=2480,i=111110,s=0,y=0
Time=2485,i=111110,s=1,y=1
Time=2490,i=111110,s=10,y=1
Time=2495,i=111110,s=11,y=1
Time=2500,i=111110,s=100,y=1
Time=2505,i=111110,s=101,y=1
Time=2510,i=111110,s=110,y=0
Time=2515,i=111110,s=111,y=0
Time=2520,i=111111,s=0,y=1
Time=2525,i=111111,s=1,y=1
Time=2530,i=111111,s=10,y=1
Time=2535,i=111111,s=11,y=1
Time=2540,i=111111,s=100,y=1
Time=2545,i=111111,s=101,y=1
Time=2550,i=111111,s=110,y=0
Time=2555,i=111111,s=111,y=0
Time=2560,i=1000000,s=0,y=0
Time=2565,i=1000000,s=1,y=0
Time=2570,i=1000000,s=10,y=0
Time=2575,i=1000000,s=11,y=0
Time=2580,i=1000000,s=100,y=0
Time=2585,i=1000000,s=101,y=0
Time=2590,i=1000000,s=110,y=1
Time=2595,i=1000000,s=111,y=0
Time=2600,i=1000001,s=0,y=1
Time=2605,i=1000001,s=1,y=0
Time=2610,i=1000001,s=10,y=0
Time=2615,i=1000001,s=11,y=0
Time=2620,i=1000001,s=100,y=0
Time=2625,i=1000001,s=101,y=0
Time=2630,i=1000001,s=110,y=1
Time=2635,i=1000001,s=111,y=0
Time=2640,i=1000010,s=0,y=0
Time=2645,i=1000010,s=1,y=1
Time=2650,i=1000010,s=10,y=0
Time=2655,i=1000010,s=11,y=0
Time=2660,i=1000010,s=100,y=0
Time=2665,i=1000010,s=101,y=0
Time=2670,i=1000010,s=110,y=1
Time=2675,i=1000010,s=111,y=0
Time=2680,i=1000011,s=0,y=1
Time=2685,i=1000011,s=1,y=1
Time=2690,i=1000011,s=10,y=0
Time=2695,i=1000011,s=11,y=0
Time=2700,i=1000011,s=100,y=0
Time=2705,i=1000011,s=101,y=0
Time=2710,i=1000011,s=110,y=1
Time=2715,i=1000011,s=111,y=0
Time=2720,i=1000100,s=0,y=0
Time=2725,i=1000100,s=1,y=0
Time=2730,i=1000100,s=10,y=1
Time=2735,i=1000100,s=11,y=0
Time=2740,i=1000100,s=100,y=0
Time=2745,i=1000100,s=101,y=0
Time=2750,i=1000100,s=110,y=1
Time=2755,i=1000100,s=111,y=0
Time=2760,i=1000101,s=0,y=1
Time=2765,i=1000101,s=1,y=0
Time=2770,i=1000101,s=10,y=1
Time=2775,i=1000101,s=11,y=0
Time=2780,i=1000101,s=100,y=0
Time=2785,i=1000101,s=101,y=0
Time=2790,i=1000101,s=110,y=1
Time=2795,i=1000101,s=111,y=0
Time=2800,i=1000110,s=0,y=0
Time=2805,i=1000110,s=1,y=1
Time=2810,i=1000110,s=10,y=1
Time=2815,i=1000110,s=11,y=0
Time=2820,i=1000110,s=100,y=0
Time=2825,i=1000110,s=101,y=0
Time=2830,i=1000110,s=110,y=1
Time=2835,i=1000110,s=111,y=0
Time=2840,i=1000111,s=0,y=1
Time=2845,i=1000111,s=1,y=1
Time=2850,i=1000111,s=10,y=1
Time=2855,i=1000111,s=11,y=0
Time=2860,i=1000111,s=100,y=0
Time=2865,i=1000111,s=101,y=0
Time=2870,i=1000111,s=110,y=1
Time=2875,i=1000111,s=111,y=0
Time=2880,i=1001000,s=0,y=0
Time=2885,i=1001000,s=1,y=0
Time=2890,i=1001000,s=10,y=0
Time=2895,i=1001000,s=11,y=1
Time=2900,i=1001000,s=100,y=0
Time=2905,i=1001000,s=101,y=0
Time=2910,i=1001000,s=110,y=1
Time=2915,i=1001000,s=111,y=0
Time=2920,i=1001001,s=0,y=1
Time=2925,i=1001001,s=1,y=0
Time=2930,i=1001001,s=10,y=0
Time=2935,i=1001001,s=11,y=1
Time=2940,i=1001001,s=100,y=0
Time=2945,i=1001001,s=101,y=0
Time=2950,i=1001001,s=110,y=1
Time=2955,i=1001001,s=111,y=0
Time=2960,i=1001010,s=0,y=0
Time=2965,i=1001010,s=1,y=1
Time=2970,i=1001010,s=10,y=0
Time=2975,i=1001010,s=11,y=1
Time=2980,i=1001010,s=100,y=0
Time=2985,i=1001010,s=101,y=0
Time=2990,i=1001010,s=110,y=1
Time=2995,i=1001010,s=111,y=0
Time=3000,i=1001011,s=0,y=1
Time=3005,i=1001011,s=1,y=1
Time=3010,i=1001011,s=10,y=0
Time=3015,i=1001011,s=11,y=1
Time=3020,i=1001011,s=100,y=0
Time=3025,i=1001011,s=101,y=0
Time=3030,i=1001011,s=110,y=1
Time=3035,i=1001011,s=111,y=0
Time=3040,i=1001100,s=0,y=0
Time=3045,i=1001100,s=1,y=0
Time=3050,i=1001100,s=10,y=1
Time=3055,i=1001100,s=11,y=1
Time=3060,i=1001100,s=100,y=0
Time=3065,i=1001100,s=101,y=0
Time=3070,i=1001100,s=110,y=1
Time=3075,i=1001100,s=111,y=0
Time=3080,i=1001101,s=0,y=1
Time=3085,i=1001101,s=1,y=0
Time=3090,i=1001101,s=10,y=1
Time=3095,i=1001101,s=11,y=1
Time=3100,i=1001101,s=100,y=0
Time=3105,i=1001101,s=101,y=0
Time=3110,i=1001101,s=110,y=1
Time=3115,i=1001101,s=111,y=0
Time=3120,i=1001110,s=0,y=0
Time=3125,i=1001110,s=1,y=1
Time=3130,i=1001110,s=10,y=1
Time=3135,i=1001110,s=11,y=1
Time=3140,i=1001110,s=100,y=0
Time=3145,i=1001110,s=101,y=0
Time=3150,i=1001110,s=110,y=1
Time=3155,i=1001110,s=111,y=0
Time=3160,i=1001111,s=0,y=1
Time=3165,i=1001111,s=1,y=1
Time=3170,i=1001111,s=10,y=1
Time=3175,i=1001111,s=11,y=1
Time=3180,i=1001111,s=100,y=0
Time=3185,i=1001111,s=101,y=0
Time=3190,i=1001111,s=110,y=1
Time=3195,i=1001111,s=111,y=0
Time=3200,i=1010000,s=0,y=0
Time=3205,i=1010000,s=1,y=0
Time=3210,i=1010000,s=10,y=0
Time=3215,i=1010000,s=11,y=0
Time=3220,i=1010000,s=100,y=1
Time=3225,i=1010000,s=101,y=0
Time=3230,i=1010000,s=110,y=1
Time=3235,i=1010000,s=111,y=0
Time=3240,i=1010001,s=0,y=1
Time=3245,i=1010001,s=1,y=0
Time=3250,i=1010001,s=10,y=0
Time=3255,i=1010001,s=11,y=0
Time=3260,i=1010001,s=100,y=1
Time=3265,i=1010001,s=101,y=0
Time=3270,i=1010001,s=110,y=1
Time=3275,i=1010001,s=111,y=0
Time=3280,i=1010010,s=0,y=0
Time=3285,i=1010010,s=1,y=1
Time=3290,i=1010010,s=10,y=0
Time=3295,i=1010010,s=11,y=0
Time=3300,i=1010010,s=100,y=1
Time=3305,i=1010010,s=101,y=0
Time=3310,i=1010010,s=110,y=1
Time=3315,i=1010010,s=111,y=0
Time=3320,i=1010011,s=0,y=1
Time=3325,i=1010011,s=1,y=1
Time=3330,i=1010011,s=10,y=0
Time=3335,i=1010011,s=11,y=0
Time=3340,i=1010011,s=100,y=1
Time=3345,i=1010011,s=101,y=0
Time=3350,i=1010011,s=110,y=1
Time=3355,i=1010011,s=111,y=0
Time=3360,i=1010100,s=0,y=0
Time=3365,i=1010100,s=1,y=0
Time=3370,i=1010100,s=10,y=1
Time=3375,i=1010100,s=11,y=0
Time=3380,i=1010100,s=100,y=1
Time=3385,i=1010100,s=101,y=0
Time=3390,i=1010100,s=110,y=1
Time=3395,i=1010100,s=111,y=0
Time=3400,i=1010101,s=0,y=1
Time=3405,i=1010101,s=1,y=0
Time=3410,i=1010101,s=10,y=1
Time=3415,i=1010101,s=11,y=0
Time=3420,i=1010101,s=100,y=1
Time=3425,i=1010101,s=101,y=0
Time=3430,i=1010101,s=110,y=1
Time=3435,i=1010101,s=111,y=0
Time=3440,i=1010110,s=0,y=0
Time=3445,i=1010110,s=1,y=1
Time=3450,i=1010110,s=10,y=1
Time=3455,i=1010110,s=11,y=0
Time=3460,i=1010110,s=100,y=1
Time=3465,i=1010110,s=101,y=0
Time=3470,i=1010110,s=110,y=1
Time=3475,i=1010110,s=111,y=0
Time=3480,i=1010111,s=0,y=1
Time=3485,i=1010111,s=1,y=1
Time=3490,i=1010111,s=10,y=1
Time=3495,i=1010111,s=11,y=0
Time=3500,i=1010111,s=100,y=1
Time=3505,i=1010111,s=101,y=0
Time=3510,i=1010111,s=110,y=1
Time=3515,i=1010111,s=111,y=0
Time=3520,i=1011000,s=0,y=0
Time=3525,i=1011000,s=1,y=0
Time=3530,i=1011000,s=10,y=0
Time=3535,i=1011000,s=11,y=1
Time=3540,i=1011000,s=100,y=1
Time=3545,i=1011000,s=101,y=0
Time=3550,i=1011000,s=110,y=1
Time=3555,i=1011000,s=111,y=0
Time=3560,i=1011001,s=0,y=1
Time=3565,i=1011001,s=1,y=0
Time=3570,i=1011001,s=10,y=0
Time=3575,i=1011001,s=11,y=1
Time=3580,i=1011001,s=100,y=1
Time=3585,i=1011001,s=101,y=0
Time=3590,i=1011001,s=110,y=1
Time=3595,i=1011001,s=111,y=0
Time=3600,i=1011010,s=0,y=0
Time=3605,i=1011010,s=1,y=1
Time=3610,i=1011010,s=10,y=0
Time=3615,i=1011010,s=11,y=1
Time=3620,i=1011010,s=100,y=1
Time=3625,i=1011010,s=101,y=0
Time=3630,i=1011010,s=110,y=1
Time=3635,i=1011010,s=111,y=0
Time=3640,i=1011011,s=0,y=1
Time=3645,i=1011011,s=1,y=1
Time=3650,i=1011011,s=10,y=0
Time=3655,i=1011011,s=11,y=1
Time=3660,i=1011011,s=100,y=1
Time=3665,i=1011011,s=101,y=0
Time=3670,i=1011011,s=110,y=1
Time=3675,i=1011011,s=111,y=0
Time=3680,i=1011100,s=0,y=0
Time=3685,i=1011100,s=1,y=0
Time=3690,i=1011100,s=10,y=1
Time=3695,i=1011100,s=11,y=1
Time=3700,i=1011100,s=100,y=1
Time=3705,i=1011100,s=101,y=0
Time=3710,i=1011100,s=110,y=1
Time=3715,i=1011100,s=111,y=0
Time=3720,i=1011101,s=0,y=1
Time=3725,i=1011101,s=1,y=0
Time=3730,i=1011101,s=10,y=1
Time=3735,i=1011101,s=11,y=1
Time=3740,i=1011101,s=100,y=1
Time=3745,i=1011101,s=101,y=0
Time=3750,i=1011101,s=110,y=1
Time=3755,i=1011101,s=111,y=0
Time=3760,i=1011110,s=0,y=0
Time=3765,i=1011110,s=1,y=1
Time=3770,i=1011110,s=10,y=1
Time=3775,i=1011110,s=11,y=1
Time=3780,i=1011110,s=100,y=1
Time=3785,i=1011110,s=101,y=0
Time=3790,i=1011110,s=110,y=1
Time=3795,i=1011110,s=111,y=0
Time=3800,i=1011111,s=0,y=1
Time=3805,i=1011111,s=1,y=1
Time=3810,i=1011111,s=10,y=1
Time=3815,i=1011111,s=11,y=1
Time=3820,i=1011111,s=100,y=1
Time=3825,i=1011111,s=101,y=0
Time=3830,i=1011111,s=110,y=1
Time=3835,i=1011111,s=111,y=0
Time=3840,i=1100000,s=0,y=0
Time=3845,i=1100000,s=1,y=0
Time=3850,i=1100000,s=10,y=0
Time=3855,i=1100000,s=11,y=0
Time=3860,i=1100000,s=100,y=0
Time=3865,i=1100000,s=101,y=1
Time=3870,i=1100000,s=110,y=1
Time=3875,i=1100000,s=111,y=0
Time=3880,i=1100001,s=0,y=1
Time=3885,i=1100001,s=1,y=0
Time=3890,i=1100001,s=10,y=0
Time=3895,i=1100001,s=11,y=0
Time=3900,i=1100001,s=100,y=0
Time=3905,i=1100001,s=101,y=1
Time=3910,i=1100001,s=110,y=1
Time=3915,i=1100001,s=111,y=0
Time=3920,i=1100010,s=0,y=0
Time=3925,i=1100010,s=1,y=1
Time=3930,i=1100010,s=10,y=0
Time=3935,i=1100010,s=11,y=0
Time=3940,i=1100010,s=100,y=0
Time=3945,i=1100010,s=101,y=1
Time=3950,i=1100010,s=110,y=1
Time=3955,i=1100010,s=111,y=0
Time=3960,i=1100011,s=0,y=1
Time=3965,i=1100011,s=1,y=1
Time=3970,i=1100011,s=10,y=0
Time=3975,i=1100011,s=11,y=0
Time=3980,i=1100011,s=100,y=0
Time=3985,i=1100011,s=101,y=1
Time=3990,i=1100011,s=110,y=1
Time=3995,i=1100011,s=111,y=0
Time=4000,i=1100100,s=0,y=0
Time=4005,i=1100100,s=1,y=0
Time=4010,i=1100100,s=10,y=1
Time=4015,i=1100100,s=11,y=0
Time=4020,i=1100100,s=100,y=0
Time=4025,i=1100100,s=101,y=1
Time=4030,i=1100100,s=110,y=1
Time=4035,i=1100100,s=111,y=0
Time=4040,i=1100101,s=0,y=1
Time=4045,i=1100101,s=1,y=0
Time=4050,i=1100101,s=10,y=1
Time=4055,i=1100101,s=11,y=0
Time=4060,i=1100101,s=100,y=0
Time=4065,i=1100101,s=101,y=1
Time=4070,i=1100101,s=110,y=1
Time=4075,i=1100101,s=111,y=0
Time=4080,i=1100110,s=0,y=0
Time=4085,i=1100110,s=1,y=1
Time=4090,i=1100110,s=10,y=1
Time=4095,i=1100110,s=11,y=0
Time=4100,i=1100110,s=100,y=0
Time=4105,i=1100110,s=101,y=1
Time=4110,i=1100110,s=110,y=1
Time=4115,i=1100110,s=111,y=0
Time=4120,i=1100111,s=0,y=1
Time=4125,i=1100111,s=1,y=1
Time=4130,i=1100111,s=10,y=1
Time=4135,i=1100111,s=11,y=0
Time=4140,i=1100111,s=100,y=0
Time=4145,i=1100111,s=101,y=1
Time=4150,i=1100111,s=110,y=1
Time=4155,i=1100111,s=111,y=0
Time=4160,i=1101000,s=0,y=0
Time=4165,i=1101000,s=1,y=0
Time=4170,i=1101000,s=10,y=0
Time=4175,i=1101000,s=11,y=1
Time=4180,i=1101000,s=100,y=0
Time=4185,i=1101000,s=101,y=1
Time=4190,i=1101000,s=110,y=1
Time=4195,i=1101000,s=111,y=0
Time=4200,i=1101001,s=0,y=1
Time=4205,i=1101001,s=1,y=0
Time=4210,i=1101001,s=10,y=0
Time=4215,i=1101001,s=11,y=1
Time=4220,i=1101001,s=100,y=0
Time=4225,i=1101001,s=101,y=1
Time=4230,i=1101001,s=110,y=1
Time=4235,i=1101001,s=111,y=0
Time=4240,i=1101010,s=0,y=0
Time=4245,i=1101010,s=1,y=1
Time=4250,i=1101010,s=10,y=0
Time=4255,i=1101010,s=11,y=1
Time=4260,i=1101010,s=100,y=0
Time=4265,i=1101010,s=101,y=1
Time=4270,i=1101010,s=110,y=1
Time=4275,i=1101010,s=111,y=0
Time=4280,i=1101011,s=0,y=1
Time=4285,i=1101011,s=1,y=1
Time=4290,i=1101011,s=10,y=0
Time=4295,i=1101011,s=11,y=1
Time=4300,i=1101011,s=100,y=0
Time=4305,i=1101011,s=101,y=1
Time=4310,i=1101011,s=110,y=1
Time=4315,i=1101011,s=111,y=0
Time=4320,i=1101100,s=0,y=0
Time=4325,i=1101100,s=1,y=0
Time=4330,i=1101100,s=10,y=1
Time=4335,i=1101100,s=11,y=1
Time=4340,i=1101100,s=100,y=0
Time=4345,i=1101100,s=101,y=1
Time=4350,i=1101100,s=110,y=1
Time=4355,i=1101100,s=111,y=0
Time=4360,i=1101101,s=0,y=1
Time=4365,i=1101101,s=1,y=0
Time=4370,i=1101101,s=10,y=1
Time=4375,i=1101101,s=11,y=1
Time=4380,i=1101101,s=100,y=0
Time=4385,i=1101101,s=101,y=1
Time=4390,i=1101101,s=110,y=1
Time=4395,i=1101101,s=111,y=0
Time=4400,i=1101110,s=0,y=0
Time=4405,i=1101110,s=1,y=1
Time=4410,i=1101110,s=10,y=1
Time=4415,i=1101110,s=11,y=1
Time=4420,i=1101110,s=100,y=0
Time=4425,i=1101110,s=101,y=1
Time=4430,i=1101110,s=110,y=1
Time=4435,i=1101110,s=111,y=0
Time=4440,i=1101111,s=0,y=1
Time=4445,i=1101111,s=1,y=1
Time=4450,i=1101111,s=10,y=1
Time=4455,i=1101111,s=11,y=1
Time=4460,i=1101111,s=100,y=0
Time=4465,i=1101111,s=101,y=1
Time=4470,i=1101111,s=110,y=1
Time=4475,i=1101111,s=111,y=0
Time=4480,i=1110000,s=0,y=0
Time=4485,i=1110000,s=1,y=0
Time=4490,i=1110000,s=10,y=0
Time=4495,i=1110000,s=11,y=0
Time=4500,i=1110000,s=100,y=1
Time=4505,i=1110000,s=101,y=1
Time=4510,i=1110000,s=110,y=1
Time=4515,i=1110000,s=111,y=0
Time=4520,i=1110001,s=0,y=1
Time=4525,i=1110001,s=1,y=0
Time=4530,i=1110001,s=10,y=0
Time=4535,i=1110001,s=11,y=0
Time=4540,i=1110001,s=100,y=1
Time=4545,i=1110001,s=101,y=1
Time=4550,i=1110001,s=110,y=1
Time=4555,i=1110001,s=111,y=0
Time=4560,i=1110010,s=0,y=0
Time=4565,i=1110010,s=1,y=1
Time=4570,i=1110010,s=10,y=0
Time=4575,i=1110010,s=11,y=0
Time=4580,i=1110010,s=100,y=1
Time=4585,i=1110010,s=101,y=1
Time=4590,i=1110010,s=110,y=1
Time=4595,i=1110010,s=111,y=0
Time=4600,i=1110011,s=0,y=1
Time=4605,i=1110011,s=1,y=1
Time=4610,i=1110011,s=10,y=0
Time=4615,i=1110011,s=11,y=0
Time=4620,i=1110011,s=100,y=1
Time=4625,i=1110011,s=101,y=1
Time=4630,i=1110011,s=110,y=1
Time=4635,i=1110011,s=111,y=0
Time=4640,i=1110100,s=0,y=0
Time=4645,i=1110100,s=1,y=0
Time=4650,i=1110100,s=10,y=1
Time=4655,i=1110100,s=11,y=0
Time=4660,i=1110100,s=100,y=1
Time=4665,i=1110100,s=101,y=1
Time=4670,i=1110100,s=110,y=1
Time=4675,i=1110100,s=111,y=0
Time=4680,i=1110101,s=0,y=1
Time=4685,i=1110101,s=1,y=0
Time=4690,i=1110101,s=10,y=1
Time=4695,i=1110101,s=11,y=0
Time=4700,i=1110101,s=100,y=1
Time=4705,i=1110101,s=101,y=1
Time=4710,i=1110101,s=110,y=1
Time=4715,i=1110101,s=111,y=0
Time=4720,i=1110110,s=0,y=0
Time=4725,i=1110110,s=1,y=1
Time=4730,i=1110110,s=10,y=1
Time=4735,i=1110110,s=11,y=0
Time=4740,i=1110110,s=100,y=1
Time=4745,i=1110110,s=101,y=1
Time=4750,i=1110110,s=110,y=1
Time=4755,i=1110110,s=111,y=0
Time=4760,i=1110111,s=0,y=1
Time=4765,i=1110111,s=1,y=1
Time=4770,i=1110111,s=10,y=1
Time=4775,i=1110111,s=11,y=0
Time=4780,i=1110111,s=100,y=1
Time=4785,i=1110111,s=101,y=1
Time=4790,i=1110111,s=110,y=1
Time=4795,i=1110111,s=111,y=0
Time=4800,i=1111000,s=0,y=0
Time=4805,i=1111000,s=1,y=0
Time=4810,i=1111000,s=10,y=0
Time=4815,i=1111000,s=11,y=1
Time=4820,i=1111000,s=100,y=1
Time=4825,i=1111000,s=101,y=1
Time=4830,i=1111000,s=110,y=1
Time=4835,i=1111000,s=111,y=0
Time=4840,i=1111001,s=0,y=1
Time=4845,i=1111001,s=1,y=0
Time=4850,i=1111001,s=10,y=0
Time=4855,i=1111001,s=11,y=1
Time=4860,i=1111001,s=100,y=1
Time=4865,i=1111001,s=101,y=1
Time=4870,i=1111001,s=110,y=1
Time=4875,i=1111001,s=111,y=0
Time=4880,i=1111010,s=0,y=0
Time=4885,i=1111010,s=1,y=1
Time=4890,i=1111010,s=10,y=0
Time=4895,i=1111010,s=11,y=1
Time=4900,i=1111010,s=100,y=1
Time=4905,i=1111010,s=101,y=1
Time=4910,i=1111010,s=110,y=1
Time=4915,i=1111010,s=111,y=0
Time=4920,i=1111011,s=0,y=1
Time=4925,i=1111011,s=1,y=1
Time=4930,i=1111011,s=10,y=0
Time=4935,i=1111011,s=11,y=1
Time=4940,i=1111011,s=100,y=1
Time=4945,i=1111011,s=101,y=1
Time=4950,i=1111011,s=110,y=1
Time=4955,i=1111011,s=111,y=0
Time=4960,i=1111100,s=0,y=0
Time=4965,i=1111100,s=1,y=0
Time=4970,i=1111100,s=10,y=1
Time=4975,i=1111100,s=11,y=1
Time=4980,i=1111100,s=100,y=1
Time=4985,i=1111100,s=101,y=1
Time=4990,i=1111100,s=110,y=1
Time=4995,i=1111100,s=111,y=0
Time=5000,i=1111101,s=0,y=1
Time=5005,i=1111101,s=1,y=0
Time=5010,i=1111101,s=10,y=1
Time=5015,i=1111101,s=11,y=1
Time=5020,i=1111101,s=100,y=1
Time=5025,i=1111101,s=101,y=1
Time=5030,i=1111101,s=110,y=1
Time=5035,i=1111101,s=111,y=0
Time=5040,i=1111110,s=0,y=0
Time=5045,i=1111110,s=1,y=1
Time=5050,i=1111110,s=10,y=1
Time=5055,i=1111110,s=11,y=1
Time=5060,i=1111110,s=100,y=1
Time=5065,i=1111110,s=101,y=1
Time=5070,i=1111110,s=110,y=1
Time=5075,i=1111110,s=111,y=0
Time=5080,i=1111111,s=0,y=1
Time=5085,i=1111111,s=1,y=1
Time=5090,i=1111111,s=10,y=1
Time=5095,i=1111111,s=11,y=1
Time=5100,i=1111111,s=100,y=1
Time=5105,i=1111111,s=101,y=1
Time=5110,i=1111111,s=110,y=1
Time=5115,i=1111111,s=111,y=0
Time=5120,i=10000000,s=0,y=0
Time=5125,i=10000000,s=1,y=0
Time=5130,i=10000000,s=10,y=0
Time=5135,i=10000000,s=11,y=0
Time=5140,i=10000000,s=100,y=0
Time=5145,i=10000000,s=101,y=0
Time=5150,i=10000000,s=110,y=0
Time=5155,i=10000000,s=111,y=1
Time=5160,i=10000001,s=0,y=1
Time=5165,i=10000001,s=1,y=0
Time=5170,i=10000001,s=10,y=0
Time=5175,i=10000001,s=11,y=0
Time=5180,i=10000001,s=100,y=0
Time=5185,i=10000001,s=101,y=0
Time=5190,i=10000001,s=110,y=0
Time=5195,i=10000001,s=111,y=1
Time=5200,i=10000010,s=0,y=0
Time=5205,i=10000010,s=1,y=1
Time=5210,i=10000010,s=10,y=0
Time=5215,i=10000010,s=11,y=0
Time=5220,i=10000010,s=100,y=0
Time=5225,i=10000010,s=101,y=0
Time=5230,i=10000010,s=110,y=0
Time=5235,i=10000010,s=111,y=1
Time=5240,i=10000011,s=0,y=1
Time=5245,i=10000011,s=1,y=1
Time=5250,i=10000011,s=10,y=0
Time=5255,i=10000011,s=11,y=0
Time=5260,i=10000011,s=100,y=0
Time=5265,i=10000011,s=101,y=0
Time=5270,i=10000011,s=110,y=0
Time=5275,i=10000011,s=111,y=1
Time=5280,i=10000100,s=0,y=0
Time=5285,i=10000100,s=1,y=0
Time=5290,i=10000100,s=10,y=1
Time=5295,i=10000100,s=11,y=0
Time=5300,i=10000100,s=100,y=0
Time=5305,i=10000100,s=101,y=0
Time=5310,i=10000100,s=110,y=0
Time=5315,i=10000100,s=111,y=1
Time=5320,i=10000101,s=0,y=1
Time=5325,i=10000101,s=1,y=0
Time=5330,i=10000101,s=10,y=1
Time=5335,i=10000101,s=11,y=0
Time=5340,i=10000101,s=100,y=0
Time=5345,i=10000101,s=101,y=0
Time=5350,i=10000101,s=110,y=0
Time=5355,i=10000101,s=111,y=1
Time=5360,i=10000110,s=0,y=0
Time=5365,i=10000110,s=1,y=1
Time=5370,i=10000110,s=10,y=1
Time=5375,i=10000110,s=11,y=0
Time=5380,i=10000110,s=100,y=0
Time=5385,i=10000110,s=101,y=0
Time=5390,i=10000110,s=110,y=0
Time=5395,i=10000110,s=111,y=1
Time=5400,i=10000111,s=0,y=1
Time=5405,i=10000111,s=1,y=1
Time=5410,i=10000111,s=10,y=1
Time=5415,i=10000111,s=11,y=0
Time=5420,i=10000111,s=100,y=0
Time=5425,i=10000111,s=101,y=0
Time=5430,i=10000111,s=110,y=0
Time=5435,i=10000111,s=111,y=1
Time=5440,i=10001000,s=0,y=0
Time=5445,i=10001000,s=1,y=0
Time=5450,i=10001000,s=10,y=0
Time=5455,i=10001000,s=11,y=1
Time=5460,i=10001000,s=100,y=0
Time=5465,i=10001000,s=101,y=0
Time=5470,i=10001000,s=110,y=0
Time=5475,i=10001000,s=111,y=1
Time=5480,i=10001001,s=0,y=1
Time=5485,i=10001001,s=1,y=0
Time=5490,i=10001001,s=10,y=0
Time=5495,i=10001001,s=11,y=1
Time=5500,i=10001001,s=100,y=0
Time=5505,i=10001001,s=101,y=0
Time=5510,i=10001001,s=110,y=0
Time=5515,i=10001001,s=111,y=1
Time=5520,i=10001010,s=0,y=0
Time=5525,i=10001010,s=1,y=1
Time=5530,i=10001010,s=10,y=0
Time=5535,i=10001010,s=11,y=1
Time=5540,i=10001010,s=100,y=0
Time=5545,i=10001010,s=101,y=0
Time=5550,i=10001010,s=110,y=0
Time=5555,i=10001010,s=111,y=1
Time=5560,i=10001011,s=0,y=1
Time=5565,i=10001011,s=1,y=1
Time=5570,i=10001011,s=10,y=0
Time=5575,i=10001011,s=11,y=1
Time=5580,i=10001011,s=100,y=0
Time=5585,i=10001011,s=101,y=0
Time=5590,i=10001011,s=110,y=0
Time=5595,i=10001011,s=111,y=1
Time=5600,i=10001100,s=0,y=0
Time=5605,i=10001100,s=1,y=0
Time=5610,i=10001100,s=10,y=1
Time=5615,i=10001100,s=11,y=1
Time=5620,i=10001100,s=100,y=0
Time=5625,i=10001100,s=101,y=0
Time=5630,i=10001100,s=110,y=0
Time=5635,i=10001100,s=111,y=1
Time=5640,i=10001101,s=0,y=1
Time=5645,i=10001101,s=1,y=0
Time=5650,i=10001101,s=10,y=1
Time=5655,i=10001101,s=11,y=1
Time=5660,i=10001101,s=100,y=0
Time=5665,i=10001101,s=101,y=0
Time=5670,i=10001101,s=110,y=0
Time=5675,i=10001101,s=111,y=1
Time=5680,i=10001110,s=0,y=0
Time=5685,i=10001110,s=1,y=1
Time=5690,i=10001110,s=10,y=1
Time=5695,i=10001110,s=11,y=1
Time=5700,i=10001110,s=100,y=0
Time=5705,i=10001110,s=101,y=0
Time=5710,i=10001110,s=110,y=0
Time=5715,i=10001110,s=111,y=1
Time=5720,i=10001111,s=0,y=1
Time=5725,i=10001111,s=1,y=1
Time=5730,i=10001111,s=10,y=1
Time=5735,i=10001111,s=11,y=1
Time=5740,i=10001111,s=100,y=0
Time=5745,i=10001111,s=101,y=0
Time=5750,i=10001111,s=110,y=0
Time=5755,i=10001111,s=111,y=1
Time=5760,i=10010000,s=0,y=0
Time=5765,i=10010000,s=1,y=0
Time=5770,i=10010000,s=10,y=0
Time=5775,i=10010000,s=11,y=0
Time=5780,i=10010000,s=100,y=1
Time=5785,i=10010000,s=101,y=0
Time=5790,i=10010000,s=110,y=0
Time=5795,i=10010000,s=111,y=1
Time=5800,i=10010001,s=0,y=1
Time=5805,i=10010001,s=1,y=0
Time=5810,i=10010001,s=10,y=0
Time=5815,i=10010001,s=11,y=0
Time=5820,i=10010001,s=100,y=1
Time=5825,i=10010001,s=101,y=0
Time=5830,i=10010001,s=110,y=0
Time=5835,i=10010001,s=111,y=1
Time=5840,i=10010010,s=0,y=0
Time=5845,i=10010010,s=1,y=1
Time=5850,i=10010010,s=10,y=0
Time=5855,i=10010010,s=11,y=0
Time=5860,i=10010010,s=100,y=1
Time=5865,i=10010010,s=101,y=0
Time=5870,i=10010010,s=110,y=0
Time=5875,i=10010010,s=111,y=1
Time=5880,i=10010011,s=0,y=1
Time=5885,i=10010011,s=1,y=1
Time=5890,i=10010011,s=10,y=0
Time=5895,i=10010011,s=11,y=0
Time=5900,i=10010011,s=100,y=1
Time=5905,i=10010011,s=101,y=0
Time=5910,i=10010011,s=110,y=0
Time=5915,i=10010011,s=111,y=1
Time=5920,i=10010100,s=0,y=0
Time=5925,i=10010100,s=1,y=0
Time=5930,i=10010100,s=10,y=1
Time=5935,i=10010100,s=11,y=0
Time=5940,i=10010100,s=100,y=1
Time=5945,i=10010100,s=101,y=0
Time=5950,i=10010100,s=110,y=0
Time=5955,i=10010100,s=111,y=1
Time=5960,i=10010101,s=0,y=1
Time=5965,i=10010101,s=1,y=0
Time=5970,i=10010101,s=10,y=1
Time=5975,i=10010101,s=11,y=0
Time=5980,i=10010101,s=100,y=1
Time=5985,i=10010101,s=101,y=0
Time=5990,i=10010101,s=110,y=0
Time=5995,i=10010101,s=111,y=1
Time=6000,i=10010110,s=0,y=0
Time=6005,i=10010110,s=1,y=1
Time=6010,i=10010110,s=10,y=1
Time=6015,i=10010110,s=11,y=0
Time=6020,i=10010110,s=100,y=1
Time=6025,i=10010110,s=101,y=0
Time=6030,i=10010110,s=110,y=0
Time=6035,i=10010110,s=111,y=1
Time=6040,i=10010111,s=0,y=1
Time=6045,i=10010111,s=1,y=1
Time=6050,i=10010111,s=10,y=1
Time=6055,i=10010111,s=11,y=0
Time=6060,i=10010111,s=100,y=1
Time=6065,i=10010111,s=101,y=0
Time=6070,i=10010111,s=110,y=0
Time=6075,i=10010111,s=111,y=1
Time=6080,i=10011000,s=0,y=0
Time=6085,i=10011000,s=1,y=0
Time=6090,i=10011000,s=10,y=0
Time=6095,i=10011000,s=11,y=1
Time=6100,i=10011000,s=100,y=1
Time=6105,i=10011000,s=101,y=0
Time=6110,i=10011000,s=110,y=0
Time=6115,i=10011000,s=111,y=1
Time=6120,i=10011001,s=0,y=1
Time=6125,i=10011001,s=1,y=0
Time=6130,i=10011001,s=10,y=0
Time=6135,i=10011001,s=11,y=1
Time=6140,i=10011001,s=100,y=1
Time=6145,i=10011001,s=101,y=0
Time=6150,i=10011001,s=110,y=0
Time=6155,i=10011001,s=111,y=1
Time=6160,i=10011010,s=0,y=0
Time=6165,i=10011010,s=1,y=1
Time=6170,i=10011010,s=10,y=0
Time=6175,i=10011010,s=11,y=1
Time=6180,i=10011010,s=100,y=1
Time=6185,i=10011010,s=101,y=0
Time=6190,i=10011010,s=110,y=0
Time=6195,i=10011010,s=111,y=1
Time=6200,i=10011011,s=0,y=1
Time=6205,i=10011011,s=1,y=1
Time=6210,i=10011011,s=10,y=0
Time=6215,i=10011011,s=11,y=1
Time=6220,i=10011011,s=100,y=1
Time=6225,i=10011011,s=101,y=0
Time=6230,i=10011011,s=110,y=0
Time=6235,i=10011011,s=111,y=1
Time=6240,i=10011100,s=0,y=0
Time=6245,i=10011100,s=1,y=0
Time=6250,i=10011100,s=10,y=1
Time=6255,i=10011100,s=11,y=1
Time=6260,i=10011100,s=100,y=1
Time=6265,i=10011100,s=101,y=0
Time=6270,i=10011100,s=110,y=0
Time=6275,i=10011100,s=111,y=1
Time=6280,i=10011101,s=0,y=1
Time=6285,i=10011101,s=1,y=0
Time=6290,i=10011101,s=10,y=1
Time=6295,i=10011101,s=11,y=1
Time=6300,i=10011101,s=100,y=1
Time=6305,i=10011101,s=101,y=0
Time=6310,i=10011101,s=110,y=0
Time=6315,i=10011101,s=111,y=1
Time=6320,i=10011110,s=0,y=0
Time=6325,i=10011110,s=1,y=1
Time=6330,i=10011110,s=10,y=1
Time=6335,i=10011110,s=11,y=1
Time=6340,i=10011110,s=100,y=1
Time=6345,i=10011110,s=101,y=0
Time=6350,i=10011110,s=110,y=0
Time=6355,i=10011110,s=111,y=1
Time=6360,i=10011111,s=0,y=1
Time=6365,i=10011111,s=1,y=1
Time=6370,i=10011111,s=10,y=1
Time=6375,i=10011111,s=11,y=1
Time=6380,i=10011111,s=100,y=1
Time=6385,i=10011111,s=101,y=0
Time=6390,i=10011111,s=110,y=0
Time=6395,i=10011111,s=111,y=1
Time=6400,i=10100000,s=0,y=0
Time=6405,i=10100000,s=1,y=0
Time=6410,i=10100000,s=10,y=0
Time=6415,i=10100000,s=11,y=0
Time=6420,i=10100000,s=100,y=0
Time=6425,i=10100000,s=101,y=1
Time=6430,i=10100000,s=110,y=0
Time=6435,i=10100000,s=111,y=1
Time=6440,i=10100001,s=0,y=1
Time=6445,i=10100001,s=1,y=0
Time=6450,i=10100001,s=10,y=0
Time=6455,i=10100001,s=11,y=0
Time=6460,i=10100001,s=100,y=0
Time=6465,i=10100001,s=101,y=1
Time=6470,i=10100001,s=110,y=0
Time=6475,i=10100001,s=111,y=1
Time=6480,i=10100010,s=0,y=0
Time=6485,i=10100010,s=1,y=1
Time=6490,i=10100010,s=10,y=0
Time=6495,i=10100010,s=11,y=0
Time=6500,i=10100010,s=100,y=0
Time=6505,i=10100010,s=101,y=1
Time=6510,i=10100010,s=110,y=0
Time=6515,i=10100010,s=111,y=1
Time=6520,i=10100011,s=0,y=1
Time=6525,i=10100011,s=1,y=1
Time=6530,i=10100011,s=10,y=0
Time=6535,i=10100011,s=11,y=0
Time=6540,i=10100011,s=100,y=0
Time=6545,i=10100011,s=101,y=1
Time=6550,i=10100011,s=110,y=0
Time=6555,i=10100011,s=111,y=1
Time=6560,i=10100100,s=0,y=0
Time=6565,i=10100100,s=1,y=0
Time=6570,i=10100100,s=10,y=1
Time=6575,i=10100100,s=11,y=0
Time=6580,i=10100100,s=100,y=0
Time=6585,i=10100100,s=101,y=1
Time=6590,i=10100100,s=110,y=0
Time=6595,i=10100100,s=111,y=1
Time=6600,i=10100101,s=0,y=1
Time=6605,i=10100101,s=1,y=0
Time=6610,i=10100101,s=10,y=1
Time=6615,i=10100101,s=11,y=0
Time=6620,i=10100101,s=100,y=0
Time=6625,i=10100101,s=101,y=1
Time=6630,i=10100101,s=110,y=0
Time=6635,i=10100101,s=111,y=1
Time=6640,i=10100110,s=0,y=0
Time=6645,i=10100110,s=1,y=1
Time=6650,i=10100110,s=10,y=1
Time=6655,i=10100110,s=11,y=0
Time=6660,i=10100110,s=100,y=0
Time=6665,i=10100110,s=101,y=1
Time=6670,i=10100110,s=110,y=0
Time=6675,i=10100110,s=111,y=1
Time=6680,i=10100111,s=0,y=1
Time=6685,i=10100111,s=1,y=1
Time=6690,i=10100111,s=10,y=1
Time=6695,i=10100111,s=11,y=0
Time=6700,i=10100111,s=100,y=0
Time=6705,i=10100111,s=101,y=1
Time=6710,i=10100111,s=110,y=0
Time=6715,i=10100111,s=111,y=1
Time=6720,i=10101000,s=0,y=0
Time=6725,i=10101000,s=1,y=0
Time=6730,i=10101000,s=10,y=0
Time=6735,i=10101000,s=11,y=1
Time=6740,i=10101000,s=100,y=0
Time=6745,i=10101000,s=101,y=1
Time=6750,i=10101000,s=110,y=0
Time=6755,i=10101000,s=111,y=1
Time=6760,i=10101001,s=0,y=1
Time=6765,i=10101001,s=1,y=0
Time=6770,i=10101001,s=10,y=0
Time=6775,i=10101001,s=11,y=1
Time=6780,i=10101001,s=100,y=0
Time=6785,i=10101001,s=101,y=1
Time=6790,i=10101001,s=110,y=0
Time=6795,i=10101001,s=111,y=1
Time=6800,i=10101010,s=0,y=0
Time=6805,i=10101010,s=1,y=1
Time=6810,i=10101010,s=10,y=0
Time=6815,i=10101010,s=11,y=1
Time=6820,i=10101010,s=100,y=0
Time=6825,i=10101010,s=101,y=1
Time=6830,i=10101010,s=110,y=0
Time=6835,i=10101010,s=111,y=1
Time=6840,i=10101011,s=0,y=1
Time=6845,i=10101011,s=1,y=1
Time=6850,i=10101011,s=10,y=0
Time=6855,i=10101011,s=11,y=1
Time=6860,i=10101011,s=100,y=0
Time=6865,i=10101011,s=101,y=1
Time=6870,i=10101011,s=110,y=0
Time=6875,i=10101011,s=111,y=1
Time=6880,i=10101100,s=0,y=0
Time=6885,i=10101100,s=1,y=0
Time=6890,i=10101100,s=10,y=1
Time=6895,i=10101100,s=11,y=1
Time=6900,i=10101100,s=100,y=0
Time=6905,i=10101100,s=101,y=1
Time=6910,i=10101100,s=110,y=0
Time=6915,i=10101100,s=111,y=1
Time=6920,i=10101101,s=0,y=1
Time=6925,i=10101101,s=1,y=0
Time=6930,i=10101101,s=10,y=1
Time=6935,i=10101101,s=11,y=1
Time=6940,i=10101101,s=100,y=0
Time=6945,i=10101101,s=101,y=1
Time=6950,i=10101101,s=110,y=0
Time=6955,i=10101101,s=111,y=1
Time=6960,i=10101110,s=0,y=0
Time=6965,i=10101110,s=1,y=1
Time=6970,i=10101110,s=10,y=1
Time=6975,i=10101110,s=11,y=1
Time=6980,i=10101110,s=100,y=0
Time=6985,i=10101110,s=101,y=1
Time=6990,i=10101110,s=110,y=0
Time=6995,i=10101110,s=111,y=1
Time=7000,i=10101111,s=0,y=1
Time=7005,i=10101111,s=1,y=1
Time=7010,i=10101111,s=10,y=1
Time=7015,i=10101111,s=11,y=1
Time=7020,i=10101111,s=100,y=0
Time=7025,i=10101111,s=101,y=1
Time=7030,i=10101111,s=110,y=0
Time=7035,i=10101111,s=111,y=1
Time=7040,i=10110000,s=0,y=0
Time=7045,i=10110000,s=1,y=0
Time=7050,i=10110000,s=10,y=0
Time=7055,i=10110000,s=11,y=0
Time=7060,i=10110000,s=100,y=1
Time=7065,i=10110000,s=101,y=1
Time=7070,i=10110000,s=110,y=0
Time=7075,i=10110000,s=111,y=1
Time=7080,i=10110001,s=0,y=1
Time=7085,i=10110001,s=1,y=0
Time=7090,i=10110001,s=10,y=0
Time=7095,i=10110001,s=11,y=0
Time=7100,i=10110001,s=100,y=1
Time=7105,i=10110001,s=101,y=1
Time=7110,i=10110001,s=110,y=0
Time=7115,i=10110001,s=111,y=1
Time=7120,i=10110010,s=0,y=0
Time=7125,i=10110010,s=1,y=1
Time=7130,i=10110010,s=10,y=0
Time=7135,i=10110010,s=11,y=0
Time=7140,i=10110010,s=100,y=1
Time=7145,i=10110010,s=101,y=1
Time=7150,i=10110010,s=110,y=0
Time=7155,i=10110010,s=111,y=1
Time=7160,i=10110011,s=0,y=1
Time=7165,i=10110011,s=1,y=1
Time=7170,i=10110011,s=10,y=0
Time=7175,i=10110011,s=11,y=0
Time=7180,i=10110011,s=100,y=1
Time=7185,i=10110011,s=101,y=1
Time=7190,i=10110011,s=110,y=0
Time=7195,i=10110011,s=111,y=1
Time=7200,i=10110100,s=0,y=0
Time=7205,i=10110100,s=1,y=0
Time=7210,i=10110100,s=10,y=1
Time=7215,i=10110100,s=11,y=0
Time=7220,i=10110100,s=100,y=1
Time=7225,i=10110100,s=101,y=1
Time=7230,i=10110100,s=110,y=0
Time=7235,i=10110100,s=111,y=1
Time=7240,i=10110101,s=0,y=1
Time=7245,i=10110101,s=1,y=0
Time=7250,i=10110101,s=10,y=1
Time=7255,i=10110101,s=11,y=0
Time=7260,i=10110101,s=100,y=1
Time=7265,i=10110101,s=101,y=1
Time=7270,i=10110101,s=110,y=0
Time=7275,i=10110101,s=111,y=1
Time=7280,i=10110110,s=0,y=0
Time=7285,i=10110110,s=1,y=1
Time=7290,i=10110110,s=10,y=1
Time=7295,i=10110110,s=11,y=0
Time=7300,i=10110110,s=100,y=1
Time=7305,i=10110110,s=101,y=1
Time=7310,i=10110110,s=110,y=0
Time=7315,i=10110110,s=111,y=1
Time=7320,i=10110111,s=0,y=1
Time=7325,i=10110111,s=1,y=1
Time=7330,i=10110111,s=10,y=1
Time=7335,i=10110111,s=11,y=0
Time=7340,i=10110111,s=100,y=1
Time=7345,i=10110111,s=101,y=1
Time=7350,i=10110111,s=110,y=0
Time=7355,i=10110111,s=111,y=1
Time=7360,i=10111000,s=0,y=0
Time=7365,i=10111000,s=1,y=0
Time=7370,i=10111000,s=10,y=0
Time=7375,i=10111000,s=11,y=1
Time=7380,i=10111000,s=100,y=1
Time=7385,i=10111000,s=101,y=1
Time=7390,i=10111000,s=110,y=0
Time=7395,i=10111000,s=111,y=1
Time=7400,i=10111001,s=0,y=1
Time=7405,i=10111001,s=1,y=0
Time=7410,i=10111001,s=10,y=0
Time=7415,i=10111001,s=11,y=1
Time=7420,i=10111001,s=100,y=1
Time=7425,i=10111001,s=101,y=1
Time=7430,i=10111001,s=110,y=0
Time=7435,i=10111001,s=111,y=1
Time=7440,i=10111010,s=0,y=0
Time=7445,i=10111010,s=1,y=1
Time=7450,i=10111010,s=10,y=0
Time=7455,i=10111010,s=11,y=1
Time=7460,i=10111010,s=100,y=1
Time=7465,i=10111010,s=101,y=1
Time=7470,i=10111010,s=110,y=0
Time=7475,i=10111010,s=111,y=1
Time=7480,i=10111011,s=0,y=1
Time=7485,i=10111011,s=1,y=1
Time=7490,i=10111011,s=10,y=0
Time=7495,i=10111011,s=11,y=1
Time=7500,i=10111011,s=100,y=1
Time=7505,i=10111011,s=101,y=1
Time=7510,i=10111011,s=110,y=0
Time=7515,i=10111011,s=111,y=1
Time=7520,i=10111100,s=0,y=0
Time=7525,i=10111100,s=1,y=0
Time=7530,i=10111100,s=10,y=1
Time=7535,i=10111100,s=11,y=1
Time=7540,i=10111100,s=100,y=1
Time=7545,i=10111100,s=101,y=1
Time=7550,i=10111100,s=110,y=0
Time=7555,i=10111100,s=111,y=1
Time=7560,i=10111101,s=0,y=1
Time=7565,i=10111101,s=1,y=0
Time=7570,i=10111101,s=10,y=1
Time=7575,i=10111101,s=11,y=1
Time=7580,i=10111101,s=100,y=1
Time=7585,i=10111101,s=101,y=1
Time=7590,i=10111101,s=110,y=0
Time=7595,i=10111101,s=111,y=1
Time=7600,i=10111110,s=0,y=0
Time=7605,i=10111110,s=1,y=1
Time=7610,i=10111110,s=10,y=1
Time=7615,i=10111110,s=11,y=1
Time=7620,i=10111110,s=100,y=1
Time=7625,i=10111110,s=101,y=1
Time=7630,i=10111110,s=110,y=0
Time=7635,i=10111110,s=111,y=1
Time=7640,i=10111111,s=0,y=1
Time=7645,i=10111111,s=1,y=1
Time=7650,i=10111111,s=10,y=1
Time=7655,i=10111111,s=11,y=1
Time=7660,i=10111111,s=100,y=1
Time=7665,i=10111111,s=101,y=1
Time=7670,i=10111111,s=110,y=0
Time=7675,i=10111111,s=111,y=1
Time=7680,i=11000000,s=0,y=0
Time=7685,i=11000000,s=1,y=0
Time=7690,i=11000000,s=10,y=0
Time=7695,i=11000000,s=11,y=0
Time=7700,i=11000000,s=100,y=0
Time=7705,i=11000000,s=101,y=0
Time=7710,i=11000000,s=110,y=1
Time=7715,i=11000000,s=111,y=1
Time=7720,i=11000001,s=0,y=1
Time=7725,i=11000001,s=1,y=0
Time=7730,i=11000001,s=10,y=0
Time=7735,i=11000001,s=11,y=0
Time=7740,i=11000001,s=100,y=0
Time=7745,i=11000001,s=101,y=0
Time=7750,i=11000001,s=110,y=1
Time=7755,i=11000001,s=111,y=1
Time=7760,i=11000010,s=0,y=0
Time=7765,i=11000010,s=1,y=1
Time=7770,i=11000010,s=10,y=0
Time=7775,i=11000010,s=11,y=0
Time=7780,i=11000010,s=100,y=0
Time=7785,i=11000010,s=101,y=0
Time=7790,i=11000010,s=110,y=1
Time=7795,i=11000010,s=111,y=1
Time=7800,i=11000011,s=0,y=1
Time=7805,i=11000011,s=1,y=1
Time=7810,i=11000011,s=10,y=0
Time=7815,i=11000011,s=11,y=0
Time=7820,i=11000011,s=100,y=0
Time=7825,i=11000011,s=101,y=0
Time=7830,i=11000011,s=110,y=1
Time=7835,i=11000011,s=111,y=1
Time=7840,i=11000100,s=0,y=0
Time=7845,i=11000100,s=1,y=0
Time=7850,i=11000100,s=10,y=1
Time=7855,i=11000100,s=11,y=0
Time=7860,i=11000100,s=100,y=0
Time=7865,i=11000100,s=101,y=0
Time=7870,i=11000100,s=110,y=1
Time=7875,i=11000100,s=111,y=1
Time=7880,i=11000101,s=0,y=1
Time=7885,i=11000101,s=1,y=0
Time=7890,i=11000101,s=10,y=1
Time=7895,i=11000101,s=11,y=0
Time=7900,i=11000101,s=100,y=0
Time=7905,i=11000101,s=101,y=0
Time=7910,i=11000101,s=110,y=1
Time=7915,i=11000101,s=111,y=1
Time=7920,i=11000110,s=0,y=0
Time=7925,i=11000110,s=1,y=1
Time=7930,i=11000110,s=10,y=1
Time=7935,i=11000110,s=11,y=0
Time=7940,i=11000110,s=100,y=0
Time=7945,i=11000110,s=101,y=0
Time=7950,i=11000110,s=110,y=1
Time=7955,i=11000110,s=111,y=1
Time=7960,i=11000111,s=0,y=1
Time=7965,i=11000111,s=1,y=1
Time=7970,i=11000111,s=10,y=1
Time=7975,i=11000111,s=11,y=0
Time=7980,i=11000111,s=100,y=0
Time=7985,i=11000111,s=101,y=0
Time=7990,i=11000111,s=110,y=1
Time=7995,i=11000111,s=111,y=1
Time=8000,i=11001000,s=0,y=0
Time=8005,i=11001000,s=1,y=0
Time=8010,i=11001000,s=10,y=0
Time=8015,i=11001000,s=11,y=1
Time=8020,i=11001000,s=100,y=0
Time=8025,i=11001000,s=101,y=0
Time=8030,i=11001000,s=110,y=1
Time=8035,i=11001000,s=111,y=1
Time=8040,i=11001001,s=0,y=1
Time=8045,i=11001001,s=1,y=0
Time=8050,i=11001001,s=10,y=0
Time=8055,i=11001001,s=11,y=1
Time=8060,i=11001001,s=100,y=0
Time=8065,i=11001001,s=101,y=0
Time=8070,i=11001001,s=110,y=1
Time=8075,i=11001001,s=111,y=1
Time=8080,i=11001010,s=0,y=0
Time=8085,i=11001010,s=1,y=1
Time=8090,i=11001010,s=10,y=0
Time=8095,i=11001010,s=11,y=1
Time=8100,i=11001010,s=100,y=0
Time=8105,i=11001010,s=101,y=0
Time=8110,i=11001010,s=110,y=1
Time=8115,i=11001010,s=111,y=1
Time=8120,i=11001011,s=0,y=1
Time=8125,i=11001011,s=1,y=1
Time=8130,i=11001011,s=10,y=0
Time=8135,i=11001011,s=11,y=1
Time=8140,i=11001011,s=100,y=0
Time=8145,i=11001011,s=101,y=0
Time=8150,i=11001011,s=110,y=1
Time=8155,i=11001011,s=111,y=1
Time=8160,i=11001100,s=0,y=0
Time=8165,i=11001100,s=1,y=0
Time=8170,i=11001100,s=10,y=1
Time=8175,i=11001100,s=11,y=1
Time=8180,i=11001100,s=100,y=0
Time=8185,i=11001100,s=101,y=0
Time=8190,i=11001100,s=110,y=1
Time=8195,i=11001100,s=111,y=1
Time=8200,i=11001101,s=0,y=1
Time=8205,i=11001101,s=1,y=0
Time=8210,i=11001101,s=10,y=1
Time=8215,i=11001101,s=11,y=1
Time=8220,i=11001101,s=100,y=0
Time=8225,i=11001101,s=101,y=0
Time=8230,i=11001101,s=110,y=1
Time=8235,i=11001101,s=111,y=1
Time=8240,i=11001110,s=0,y=0
Time=8245,i=11001110,s=1,y=1
Time=8250,i=11001110,s=10,y=1
Time=8255,i=11001110,s=11,y=1
Time=8260,i=11001110,s=100,y=0
Time=8265,i=11001110,s=101,y=0
Time=8270,i=11001110,s=110,y=1
Time=8275,i=11001110,s=111,y=1
Time=8280,i=11001111,s=0,y=1
Time=8285,i=11001111,s=1,y=1
Time=8290,i=11001111,s=10,y=1
Time=8295,i=11001111,s=11,y=1
Time=8300,i=11001111,s=100,y=0
Time=8305,i=11001111,s=101,y=0
Time=8310,i=11001111,s=110,y=1
Time=8315,i=11001111,s=111,y=1
Time=8320,i=11010000,s=0,y=0
Time=8325,i=11010000,s=1,y=0
Time=8330,i=11010000,s=10,y=0
Time=8335,i=11010000,s=11,y=0
Time=8340,i=11010000,s=100,y=1
Time=8345,i=11010000,s=101,y=0
Time=8350,i=11010000,s=110,y=1
Time=8355,i=11010000,s=111,y=1
Time=8360,i=11010001,s=0,y=1
Time=8365,i=11010001,s=1,y=0
Time=8370,i=11010001,s=10,y=0
Time=8375,i=11010001,s=11,y=0
Time=8380,i=11010001,s=100,y=1
Time=8385,i=11010001,s=101,y=0
Time=8390,i=11010001,s=110,y=1
Time=8395,i=11010001,s=111,y=1
Time=8400,i=11010010,s=0,y=0
Time=8405,i=11010010,s=1,y=1
Time=8410,i=11010010,s=10,y=0
Time=8415,i=11010010,s=11,y=0
Time=8420,i=11010010,s=100,y=1
Time=8425,i=11010010,s=101,y=0
Time=8430,i=11010010,s=110,y=1
Time=8435,i=11010010,s=111,y=1
Time=8440,i=11010011,s=0,y=1
Time=8445,i=11010011,s=1,y=1
Time=8450,i=11010011,s=10,y=0
Time=8455,i=11010011,s=11,y=0
Time=8460,i=11010011,s=100,y=1
Time=8465,i=11010011,s=101,y=0
Time=8470,i=11010011,s=110,y=1
Time=8475,i=11010011,s=111,y=1
Time=8480,i=11010100,s=0,y=0
Time=8485,i=11010100,s=1,y=0
Time=8490,i=11010100,s=10,y=1
Time=8495,i=11010100,s=11,y=0
Time=8500,i=11010100,s=100,y=1
Time=8505,i=11010100,s=101,y=0
Time=8510,i=11010100,s=110,y=1
Time=8515,i=11010100,s=111,y=1
Time=8520,i=11010101,s=0,y=1
Time=8525,i=11010101,s=1,y=0
Time=8530,i=11010101,s=10,y=1
Time=8535,i=11010101,s=11,y=0
Time=8540,i=11010101,s=100,y=1
Time=8545,i=11010101,s=101,y=0
Time=8550,i=11010101,s=110,y=1
Time=8555,i=11010101,s=111,y=1
Time=8560,i=11010110,s=0,y=0
Time=8565,i=11010110,s=1,y=1
Time=8570,i=11010110,s=10,y=1
Time=8575,i=11010110,s=11,y=0
Time=8580,i=11010110,s=100,y=1
Time=8585,i=11010110,s=101,y=0
Time=8590,i=11010110,s=110,y=1
Time=8595,i=11010110,s=111,y=1
Time=8600,i=11010111,s=0,y=1
Time=8605,i=11010111,s=1,y=1
Time=8610,i=11010111,s=10,y=1
Time=8615,i=11010111,s=11,y=0
Time=8620,i=11010111,s=100,y=1
Time=8625,i=11010111,s=101,y=0
Time=8630,i=11010111,s=110,y=1
Time=8635,i=11010111,s=111,y=1
Time=8640,i=11011000,s=0,y=0
Time=8645,i=11011000,s=1,y=0
Time=8650,i=11011000,s=10,y=0
Time=8655,i=11011000,s=11,y=1
Time=8660,i=11011000,s=100,y=1
Time=8665,i=11011000,s=101,y=0
Time=8670,i=11011000,s=110,y=1
Time=8675,i=11011000,s=111,y=1
Time=8680,i=11011001,s=0,y=1
Time=8685,i=11011001,s=1,y=0
Time=8690,i=11011001,s=10,y=0
Time=8695,i=11011001,s=11,y=1
Time=8700,i=11011001,s=100,y=1
Time=8705,i=11011001,s=101,y=0
Time=8710,i=11011001,s=110,y=1
Time=8715,i=11011001,s=111,y=1
Time=8720,i=11011010,s=0,y=0
Time=8725,i=11011010,s=1,y=1
Time=8730,i=11011010,s=10,y=0
Time=8735,i=11011010,s=11,y=1
Time=8740,i=11011010,s=100,y=1
Time=8745,i=11011010,s=101,y=0
Time=8750,i=11011010,s=110,y=1
Time=8755,i=11011010,s=111,y=1
Time=8760,i=11011011,s=0,y=1
Time=8765,i=11011011,s=1,y=1
Time=8770,i=11011011,s=10,y=0
Time=8775,i=11011011,s=11,y=1
Time=8780,i=11011011,s=100,y=1
Time=8785,i=11011011,s=101,y=0
Time=8790,i=11011011,s=110,y=1
Time=8795,i=11011011,s=111,y=1
Time=8800,i=11011100,s=0,y=0
Time=8805,i=11011100,s=1,y=0
Time=8810,i=11011100,s=10,y=1
Time=8815,i=11011100,s=11,y=1
Time=8820,i=11011100,s=100,y=1
Time=8825,i=11011100,s=101,y=0
Time=8830,i=11011100,s=110,y=1
Time=8835,i=11011100,s=111,y=1
Time=8840,i=11011101,s=0,y=1
Time=8845,i=11011101,s=1,y=0
Time=8850,i=11011101,s=10,y=1
Time=8855,i=11011101,s=11,y=1
Time=8860,i=11011101,s=100,y=1
Time=8865,i=11011101,s=101,y=0
Time=8870,i=11011101,s=110,y=1
Time=8875,i=11011101,s=111,y=1
Time=8880,i=11011110,s=0,y=0
Time=8885,i=11011110,s=1,y=1
Time=8890,i=11011110,s=10,y=1
Time=8895,i=11011110,s=11,y=1
Time=8900,i=11011110,s=100,y=1
Time=8905,i=11011110,s=101,y=0
Time=8910,i=11011110,s=110,y=1
Time=8915,i=11011110,s=111,y=1
Time=8920,i=11011111,s=0,y=1
Time=8925,i=11011111,s=1,y=1
Time=8930,i=11011111,s=10,y=1
Time=8935,i=11011111,s=11,y=1
Time=8940,i=11011111,s=100,y=1
Time=8945,i=11011111,s=101,y=0
Time=8950,i=11011111,s=110,y=1
Time=8955,i=11011111,s=111,y=1
Time=8960,i=11100000,s=0,y=0
Time=8965,i=11100000,s=1,y=0
Time=8970,i=11100000,s=10,y=0
Time=8975,i=11100000,s=11,y=0
Time=8980,i=11100000,s=100,y=0
Time=8985,i=11100000,s=101,y=1
Time=8990,i=11100000,s=110,y=1
Time=8995,i=11100000,s=111,y=1
Time=9000,i=11100001,s=0,y=1
Time=9005,i=11100001,s=1,y=0
Time=9010,i=11100001,s=10,y=0
Time=9015,i=11100001,s=11,y=0
Time=9020,i=11100001,s=100,y=0
Time=9025,i=11100001,s=101,y=1
Time=9030,i=11100001,s=110,y=1
Time=9035,i=11100001,s=111,y=1
Time=9040,i=11100010,s=0,y=0
Time=9045,i=11100010,s=1,y=1
Time=9050,i=11100010,s=10,y=0
Time=9055,i=11100010,s=11,y=0
Time=9060,i=11100010,s=100,y=0
Time=9065,i=11100010,s=101,y=1
Time=9070,i=11100010,s=110,y=1
Time=9075,i=11100010,s=111,y=1
Time=9080,i=11100011,s=0,y=1
Time=9085,i=11100011,s=1,y=1
Time=9090,i=11100011,s=10,y=0
Time=9095,i=11100011,s=11,y=0
Time=9100,i=11100011,s=100,y=0
Time=9105,i=11100011,s=101,y=1
Time=9110,i=11100011,s=110,y=1
Time=9115,i=11100011,s=111,y=1
Time=9120,i=11100100,s=0,y=0
Time=9125,i=11100100,s=1,y=0
Time=9130,i=11100100,s=10,y=1
Time=9135,i=11100100,s=11,y=0
Time=9140,i=11100100,s=100,y=0
Time=9145,i=11100100,s=101,y=1
Time=9150,i=11100100,s=110,y=1
Time=9155,i=11100100,s=111,y=1
Time=9160,i=11100101,s=0,y=1
Time=9165,i=11100101,s=1,y=0
Time=9170,i=11100101,s=10,y=1
Time=9175,i=11100101,s=11,y=0
Time=9180,i=11100101,s=100,y=0
Time=9185,i=11100101,s=101,y=1
Time=9190,i=11100101,s=110,y=1
Time=9195,i=11100101,s=111,y=1
Time=9200,i=11100110,s=0,y=0
Time=9205,i=11100110,s=1,y=1
Time=9210,i=11100110,s=10,y=1
Time=9215,i=11100110,s=11,y=0
Time=9220,i=11100110,s=100,y=0
Time=9225,i=11100110,s=101,y=1
Time=9230,i=11100110,s=110,y=1
Time=9235,i=11100110,s=111,y=1
Time=9240,i=11100111,s=0,y=1
Time=9245,i=11100111,s=1,y=1
Time=9250,i=11100111,s=10,y=1
Time=9255,i=11100111,s=11,y=0
Time=9260,i=11100111,s=100,y=0
Time=9265,i=11100111,s=101,y=1
Time=9270,i=11100111,s=110,y=1
Time=9275,i=11100111,s=111,y=1
Time=9280,i=11101000,s=0,y=0
Time=9285,i=11101000,s=1,y=0
Time=9290,i=11101000,s=10,y=0
Time=9295,i=11101000,s=11,y=1
Time=9300,i=11101000,s=100,y=0
Time=9305,i=11101000,s=101,y=1
Time=9310,i=11101000,s=110,y=1
Time=9315,i=11101000,s=111,y=1
Time=9320,i=11101001,s=0,y=1
Time=9325,i=11101001,s=1,y=0
Time=9330,i=11101001,s=10,y=0
Time=9335,i=11101001,s=11,y=1
Time=9340,i=11101001,s=100,y=0
Time=9345,i=11101001,s=101,y=1
Time=9350,i=11101001,s=110,y=1
Time=9355,i=11101001,s=111,y=1
Time=9360,i=11101010,s=0,y=0
Time=9365,i=11101010,s=1,y=1
Time=9370,i=11101010,s=10,y=0
Time=9375,i=11101010,s=11,y=1
Time=9380,i=11101010,s=100,y=0
Time=9385,i=11101010,s=101,y=1
Time=9390,i=11101010,s=110,y=1
Time=9395,i=11101010,s=111,y=1
Time=9400,i=11101011,s=0,y=1
Time=9405,i=11101011,s=1,y=1
Time=9410,i=11101011,s=10,y=0
Time=9415,i=11101011,s=11,y=1
Time=9420,i=11101011,s=100,y=0
Time=9425,i=11101011,s=101,y=1
Time=9430,i=11101011,s=110,y=1
Time=9435,i=11101011,s=111,y=1
Time=9440,i=11101100,s=0,y=0
Time=9445,i=11101100,s=1,y=0
Time=9450,i=11101100,s=10,y=1
Time=9455,i=11101100,s=11,y=1
Time=9460,i=11101100,s=100,y=0
Time=9465,i=11101100,s=101,y=1
Time=9470,i=11101100,s=110,y=1
Time=9475,i=11101100,s=111,y=1
Time=9480,i=11101101,s=0,y=1
Time=9485,i=11101101,s=1,y=0
Time=9490,i=11101101,s=10,y=1
Time=9495,i=11101101,s=11,y=1
Time=9500,i=11101101,s=100,y=0
Time=9505,i=11101101,s=101,y=1
Time=9510,i=11101101,s=110,y=1
Time=9515,i=11101101,s=111,y=1
Time=9520,i=11101110,s=0,y=0
Time=9525,i=11101110,s=1,y=1
Time=9530,i=11101110,s=10,y=1
Time=9535,i=11101110,s=11,y=1
Time=9540,i=11101110,s=100,y=0
Time=9545,i=11101110,s=101,y=1
Time=9550,i=11101110,s=110,y=1
Time=9555,i=11101110,s=111,y=1
Time=9560,i=11101111,s=0,y=1
Time=9565,i=11101111,s=1,y=1
Time=9570,i=11101111,s=10,y=1
Time=9575,i=11101111,s=11,y=1
Time=9580,i=11101111,s=100,y=0
Time=9585,i=11101111,s=101,y=1
Time=9590,i=11101111,s=110,y=1
Time=9595,i=11101111,s=111,y=1
Time=9600,i=11110000,s=0,y=0
Time=9605,i=11110000,s=1,y=0
Time=9610,i=11110000,s=10,y=0
Time=9615,i=11110000,s=11,y=0
Time=9620,i=11110000,s=100,y=1
Time=9625,i=11110000,s=101,y=1
Time=9630,i=11110000,s=110,y=1
Time=9635,i=11110000,s=111,y=1
Time=9640,i=11110001,s=0,y=1
Time=9645,i=11110001,s=1,y=0
Time=9650,i=11110001,s=10,y=0
Time=9655,i=11110001,s=11,y=0
Time=9660,i=11110001,s=100,y=1
Time=9665,i=11110001,s=101,y=1
Time=9670,i=11110001,s=110,y=1
Time=9675,i=11110001,s=111,y=1
Time=9680,i=11110010,s=0,y=0
Time=9685,i=11110010,s=1,y=1
Time=9690,i=11110010,s=10,y=0
Time=9695,i=11110010,s=11,y=0
Time=9700,i=11110010,s=100,y=1
Time=9705,i=11110010,s=101,y=1
Time=9710,i=11110010,s=110,y=1
Time=9715,i=11110010,s=111,y=1
Time=9720,i=11110011,s=0,y=1
Time=9725,i=11110011,s=1,y=1
Time=9730,i=11110011,s=10,y=0
Time=9735,i=11110011,s=11,y=0
Time=9740,i=11110011,s=100,y=1
Time=9745,i=11110011,s=101,y=1
Time=9750,i=11110011,s=110,y=1
Time=9755,i=11110011,s=111,y=1
Time=9760,i=11110100,s=0,y=0
Time=9765,i=11110100,s=1,y=0
Time=9770,i=11110100,s=10,y=1
Time=9775,i=11110100,s=11,y=0
Time=9780,i=11110100,s=100,y=1
Time=9785,i=11110100,s=101,y=1
Time=9790,i=11110100,s=110,y=1
Time=9795,i=11110100,s=111,y=1
Time=9800,i=11110101,s=0,y=1
Time=9805,i=11110101,s=1,y=0
Time=9810,i=11110101,s=10,y=1
Time=9815,i=11110101,s=11,y=0
Time=9820,i=11110101,s=100,y=1
Time=9825,i=11110101,s=101,y=1
Time=9830,i=11110101,s=110,y=1
Time=9835,i=11110101,s=111,y=1
Time=9840,i=11110110,s=0,y=0
Time=9845,i=11110110,s=1,y=1
Time=9850,i=11110110,s=10,y=1
Time=9855,i=11110110,s=11,y=0
Time=9860,i=11110110,s=100,y=1
Time=9865,i=11110110,s=101,y=1
Time=9870,i=11110110,s=110,y=1
Time=9875,i=11110110,s=111,y=1
Time=9880,i=11110111,s=0,y=1
Time=9885,i=11110111,s=1,y=1
Time=9890,i=11110111,s=10,y=1
Time=9895,i=11110111,s=11,y=0
Time=9900,i=11110111,s=100,y=1
Time=9905,i=11110111,s=101,y=1
Time=9910,i=11110111,s=110,y=1
Time=9915,i=11110111,s=111,y=1
Time=9920,i=11111000,s=0,y=0
Time=9925,i=11111000,s=1,y=0
Time=9930,i=11111000,s=10,y=0
Time=9935,i=11111000,s=11,y=1
Time=9940,i=11111000,s=100,y=1
Time=9945,i=11111000,s=101,y=1
Time=9950,i=11111000,s=110,y=1
Time=9955,i=11111000,s=111,y=1
Time=9960,i=11111001,s=0,y=1
Time=9965,i=11111001,s=1,y=0
Time=9970,i=11111001,s=10,y=0
Time=9975,i=11111001,s=11,y=1
Time=9980,i=11111001,s=100,y=1
Time=9985,i=11111001,s=101,y=1
Time=9990,i=11111001,s=110,y=1
Time=9995,i=11111001,s=111,y=1
Time=10000,i=11111010,s=0,y=0
Time=10005,i=11111010,s=1,y=1
Time=10010,i=11111010,s=10,y=0
Time=10015,i=11111010,s=11,y=1
Time=10020,i=11111010,s=100,y=1
Time=10025,i=11111010,s=101,y=1
Time=10030,i=11111010,s=110,y=1
Time=10035,i=11111010,s=111,y=1
Time=10040,i=11111011,s=0,y=1
Time=10045,i=11111011,s=1,y=1
Time=10050,i=11111011,s=10,y=0
Time=10055,i=11111011,s=11,y=1
Time=10060,i=11111011,s=100,y=1
Time=10065,i=11111011,s=101,y=1
Time=10070,i=11111011,s=110,y=1
Time=10075,i=11111011,s=111,y=1
Time=10080,i=11111100,s=0,y=0
Time=10085,i=11111100,s=1,y=0
Time=10090,i=11111100,s=10,y=1
Time=10095,i=11111100,s=11,y=1
Time=10100,i=11111100,s=100,y=1
Time=10105,i=11111100,s=101,y=1
Time=10110,i=11111100,s=110,y=1
Time=10115,i=11111100,s=111,y=1
Time=10120,i=11111101,s=0,y=1
Time=10125,i=11111101,s=1,y=0
Time=10130,i=11111101,s=10,y=1
Time=10135,i=11111101,s=11,y=1
Time=10140,i=11111101,s=100,y=1
Time=10145,i=11111101,s=101,y=1
Time=10150,i=11111101,s=110,y=1
Time=10155,i=11111101,s=111,y=1
Time=10160,i=11111110,s=0,y=0
Time=10165,i=11111110,s=1,y=1
Time=10170,i=11111110,s=10,y=1
Time=10175,i=11111110,s=11,y=1
Time=10180,i=11111110,s=100,y=1
Time=10185,i=11111110,s=101,y=1
Time=10190,i=11111110,s=110,y=1
Time=10195,i=11111110,s=111,y=1
Time=10200,i=11111111,s=0,y=1
Time=10205,i=11111111,s=1,y=1
Time=10210,i=11111111,s=10,y=1
Time=10215,i=11111111,s=11,y=1
Time=10220,i=11111111,s=100,y=1
Time=10225,i=11111111,s=101,y=1
Time=10230,i=11111111,s=110,y=1
Time=10235,i=11111111,s=111,y=1
ncsim: *W,RNQUIE: Simulation is complete.
ncsim> 